Archive member included to satisfy reference by file (symbol)

c:/st/stm32cubeide_1.7.0/stm32cubeide/plugins/com.st.stm32cube.ide.mcu.externaltools.gnu-tools-for-stm32.9-2020-q2-update.win32_2.0.0.202105311346/tools/bin/../lib/gcc/arm-none-eabi/9.3.1/../../../../arm-none-eabi/lib/thumb/v7e-m+fp/hard\libc_nano.a(lib_a-exit.o)
                              c:/st/stm32cubeide_1.7.0/stm32cubeide/plugins/com.st.stm32cube.ide.mcu.externaltools.gnu-tools-for-stm32.9-2020-q2-update.win32_2.0.0.202105311346/tools/bin/../lib/gcc/arm-none-eabi/9.3.1/../../../../arm-none-eabi/lib/thumb/v7e-m+fp/hard/crt0.o (exit)
c:/st/stm32cubeide_1.7.0/stm32cubeide/plugins/com.st.stm32cube.ide.mcu.externaltools.gnu-tools-for-stm32.9-2020-q2-update.win32_2.0.0.202105311346/tools/bin/../lib/gcc/arm-none-eabi/9.3.1/../../../../arm-none-eabi/lib/thumb/v7e-m+fp/hard\libc_nano.a(lib_a-impure.o)
                              c:/st/stm32cubeide_1.7.0/stm32cubeide/plugins/com.st.stm32cube.ide.mcu.externaltools.gnu-tools-for-stm32.9-2020-q2-update.win32_2.0.0.202105311346/tools/bin/../lib/gcc/arm-none-eabi/9.3.1/../../../../arm-none-eabi/lib/thumb/v7e-m+fp/hard\libc_nano.a(lib_a-exit.o) (_global_impure_ptr)
c:/st/stm32cubeide_1.7.0/stm32cubeide/plugins/com.st.stm32cube.ide.mcu.externaltools.gnu-tools-for-stm32.9-2020-q2-update.win32_2.0.0.202105311346/tools/bin/../lib/gcc/arm-none-eabi/9.3.1/../../../../arm-none-eabi/lib/thumb/v7e-m+fp/hard\libc_nano.a(lib_a-init.o)
                              c:/st/stm32cubeide_1.7.0/stm32cubeide/plugins/com.st.stm32cube.ide.mcu.externaltools.gnu-tools-for-stm32.9-2020-q2-update.win32_2.0.0.202105311346/tools/bin/../lib/gcc/arm-none-eabi/9.3.1/../../../../arm-none-eabi/lib/thumb/v7e-m+fp/hard/crt0.o (__libc_init_array)
c:/st/stm32cubeide_1.7.0/stm32cubeide/plugins/com.st.stm32cube.ide.mcu.externaltools.gnu-tools-for-stm32.9-2020-q2-update.win32_2.0.0.202105311346/tools/bin/../lib/gcc/arm-none-eabi/9.3.1/../../../../arm-none-eabi/lib/thumb/v7e-m+fp/hard\libc_nano.a(lib_a-memset.o)
                              c:/st/stm32cubeide_1.7.0/stm32cubeide/plugins/com.st.stm32cube.ide.mcu.externaltools.gnu-tools-for-stm32.9-2020-q2-update.win32_2.0.0.202105311346/tools/bin/../lib/gcc/arm-none-eabi/9.3.1/../../../../arm-none-eabi/lib/thumb/v7e-m+fp/hard/crt0.o (memset)
c:/st/stm32cubeide_1.7.0/stm32cubeide/plugins/com.st.stm32cube.ide.mcu.externaltools.gnu-tools-for-stm32.9-2020-q2-update.win32_2.0.0.202105311346/tools/bin/../lib/gcc/arm-none-eabi/9.3.1/../../../../arm-none-eabi/lib/thumb/v7e-m+fp/hard\libnosys.a(_exit.o)
                              c:/st/stm32cubeide_1.7.0/stm32cubeide/plugins/com.st.stm32cube.ide.mcu.externaltools.gnu-tools-for-stm32.9-2020-q2-update.win32_2.0.0.202105311346/tools/bin/../lib/gcc/arm-none-eabi/9.3.1/../../../../arm-none-eabi/lib/thumb/v7e-m+fp/hard\libc_nano.a(lib_a-exit.o) (_exit)

Allocating common symbols
Common symbol       size              file

pwm_signal          0x4               ./Core/Src/PollDataClient.o
measured            0x4               ./Core/Src/PollDataClient.o
error               0x4               ./Core/Src/PollDataClient.o
integral            0x4               ./Core/Src/PollDataClient.o

Discarded input sections

 .text          0x0000000000000000        0x0 c:/st/stm32cubeide_1.7.0/stm32cubeide/plugins/com.st.stm32cube.ide.mcu.externaltools.gnu-tools-for-stm32.9-2020-q2-update.win32_2.0.0.202105311346/tools/bin/../lib/gcc/arm-none-eabi/9.3.1/thumb/v7e-m+fp/hard/crti.o
 .data          0x0000000000000000        0x0 c:/st/stm32cubeide_1.7.0/stm32cubeide/plugins/com.st.stm32cube.ide.mcu.externaltools.gnu-tools-for-stm32.9-2020-q2-update.win32_2.0.0.202105311346/tools/bin/../lib/gcc/arm-none-eabi/9.3.1/thumb/v7e-m+fp/hard/crti.o
 .bss           0x0000000000000000        0x0 c:/st/stm32cubeide_1.7.0/stm32cubeide/plugins/com.st.stm32cube.ide.mcu.externaltools.gnu-tools-for-stm32.9-2020-q2-update.win32_2.0.0.202105311346/tools/bin/../lib/gcc/arm-none-eabi/9.3.1/thumb/v7e-m+fp/hard/crti.o
 .data          0x0000000000000000        0x4 c:/st/stm32cubeide_1.7.0/stm32cubeide/plugins/com.st.stm32cube.ide.mcu.externaltools.gnu-tools-for-stm32.9-2020-q2-update.win32_2.0.0.202105311346/tools/bin/../lib/gcc/arm-none-eabi/9.3.1/thumb/v7e-m+fp/hard/crtbegin.o
 .text          0x0000000000000000       0x7c c:/st/stm32cubeide_1.7.0/stm32cubeide/plugins/com.st.stm32cube.ide.mcu.externaltools.gnu-tools-for-stm32.9-2020-q2-update.win32_2.0.0.202105311346/tools/bin/../lib/gcc/arm-none-eabi/9.3.1/../../../../arm-none-eabi/lib/thumb/v7e-m+fp/hard/crt0.o
 .data          0x0000000000000000        0x0 c:/st/stm32cubeide_1.7.0/stm32cubeide/plugins/com.st.stm32cube.ide.mcu.externaltools.gnu-tools-for-stm32.9-2020-q2-update.win32_2.0.0.202105311346/tools/bin/../lib/gcc/arm-none-eabi/9.3.1/../../../../arm-none-eabi/lib/thumb/v7e-m+fp/hard/crt0.o
 .bss           0x0000000000000000        0x0 c:/st/stm32cubeide_1.7.0/stm32cubeide/plugins/com.st.stm32cube.ide.mcu.externaltools.gnu-tools-for-stm32.9-2020-q2-update.win32_2.0.0.202105311346/tools/bin/../lib/gcc/arm-none-eabi/9.3.1/../../../../arm-none-eabi/lib/thumb/v7e-m+fp/hard/crt0.o
 .ARM.extab     0x0000000000000000        0x0 c:/st/stm32cubeide_1.7.0/stm32cubeide/plugins/com.st.stm32cube.ide.mcu.externaltools.gnu-tools-for-stm32.9-2020-q2-update.win32_2.0.0.202105311346/tools/bin/../lib/gcc/arm-none-eabi/9.3.1/../../../../arm-none-eabi/lib/thumb/v7e-m+fp/hard/crt0.o
 .ARM.exidx     0x0000000000000000       0x10 c:/st/stm32cubeide_1.7.0/stm32cubeide/plugins/com.st.stm32cube.ide.mcu.externaltools.gnu-tools-for-stm32.9-2020-q2-update.win32_2.0.0.202105311346/tools/bin/../lib/gcc/arm-none-eabi/9.3.1/../../../../arm-none-eabi/lib/thumb/v7e-m+fp/hard/crt0.o
 .ARM.attributes
                0x0000000000000000       0x1c c:/st/stm32cubeide_1.7.0/stm32cubeide/plugins/com.st.stm32cube.ide.mcu.externaltools.gnu-tools-for-stm32.9-2020-q2-update.win32_2.0.0.202105311346/tools/bin/../lib/gcc/arm-none-eabi/9.3.1/../../../../arm-none-eabi/lib/thumb/v7e-m+fp/hard/crt0.o
 .group         0x0000000000000000        0xc ./Core/Src/GPIO.o
 .group         0x0000000000000000        0xc ./Core/Src/GPIO.o
 .group         0x0000000000000000        0xc ./Core/Src/GPIO.o
 .text          0x0000000000000000        0x0 ./Core/Src/GPIO.o
 .data          0x0000000000000000        0x0 ./Core/Src/GPIO.o
 .bss           0x0000000000000000        0x0 ./Core/Src/GPIO.o
 .text.GPIO_ReadPin
                0x0000000000000000       0x44 ./Core/Src/GPIO.o
 .group         0x0000000000000000        0xc ./Core/Src/PWM.o
 .group         0x0000000000000000        0xc ./Core/Src/PWM.o
 .text          0x0000000000000000        0x0 ./Core/Src/PWM.o
 .data          0x0000000000000000        0x0 ./Core/Src/PWM.o
 .bss           0x0000000000000000        0x0 ./Core/Src/PWM.o
 .debug_macro   0x0000000000000000      0xaa8 ./Core/Src/PWM.o
 .group         0x0000000000000000        0xc ./Core/Src/PollDataClient.o
 .group         0x0000000000000000        0xc ./Core/Src/PollDataClient.o
 .text          0x0000000000000000        0x0 ./Core/Src/PollDataClient.o
 .data          0x0000000000000000        0x0 ./Core/Src/PollDataClient.o
 .bss           0x0000000000000000        0x0 ./Core/Src/PollDataClient.o
 .debug_macro   0x0000000000000000      0xaa8 ./Core/Src/PollDataClient.o
 .debug_macro   0x0000000000000000       0x6a ./Core/Src/PollDataClient.o
 .group         0x0000000000000000        0xc ./Core/Src/PollerTimer.o
 .group         0x0000000000000000        0xc ./Core/Src/PollerTimer.o
 .group         0x0000000000000000        0xc ./Core/Src/PollerTimer.o
 .group         0x0000000000000000        0xc ./Core/Src/PollerTimer.o
 .group         0x0000000000000000        0xc ./Core/Src/PollerTimer.o
 .group         0x0000000000000000        0xc ./Core/Src/PollerTimer.o
 .group         0x0000000000000000        0xc ./Core/Src/PollerTimer.o
 .group         0x0000000000000000        0xc ./Core/Src/PollerTimer.o
 .group         0x0000000000000000        0xc ./Core/Src/PollerTimer.o
 .group         0x0000000000000000        0xc ./Core/Src/PollerTimer.o
 .group         0x0000000000000000        0xc ./Core/Src/PollerTimer.o
 .group         0x0000000000000000        0xc ./Core/Src/PollerTimer.o
 .group         0x0000000000000000        0xc ./Core/Src/PollerTimer.o
 .group         0x0000000000000000        0xc ./Core/Src/PollerTimer.o
 .group         0x0000000000000000        0xc ./Core/Src/PollerTimer.o
 .group         0x0000000000000000        0xc ./Core/Src/PollerTimer.o
 .text          0x0000000000000000        0x0 ./Core/Src/PollerTimer.o
 .data          0x0000000000000000        0x0 ./Core/Src/PollerTimer.o
 .bss           0x0000000000000000        0x0 ./Core/Src/PollerTimer.o
 .text.__NVIC_DisableIRQ
                0x0000000000000000       0x48 ./Core/Src/PollerTimer.o
 .text.StopTimer
                0x0000000000000000       0x1e ./Core/Src/PollerTimer.o
 .text.DisableInterrupt
                0x0000000000000000       0x1e ./Core/Src/PollerTimer.o
 .debug_macro   0x0000000000000000      0xaa8 ./Core/Src/PollerTimer.o
 .group         0x0000000000000000        0xc ./Core/Src/SPI.o
 .group         0x0000000000000000        0xc ./Core/Src/SPI.o
 .group         0x0000000000000000        0xc ./Core/Src/SPI.o
 .group         0x0000000000000000        0xc ./Core/Src/SPI.o
 .group         0x0000000000000000        0xc ./Core/Src/SPI.o
 .group         0x0000000000000000        0xc ./Core/Src/SPI.o
 .group         0x0000000000000000        0xc ./Core/Src/SPI.o
 .group         0x0000000000000000        0xc ./Core/Src/SPI.o
 .group         0x0000000000000000        0xc ./Core/Src/SPI.o
 .group         0x0000000000000000        0xc ./Core/Src/SPI.o
 .group         0x0000000000000000        0xc ./Core/Src/SPI.o
 .group         0x0000000000000000        0xc ./Core/Src/SPI.o
 .group         0x0000000000000000        0xc ./Core/Src/SPI.o
 .group         0x0000000000000000        0xc ./Core/Src/SPI.o
 .group         0x0000000000000000        0xc ./Core/Src/SPI.o
 .group         0x0000000000000000        0xc ./Core/Src/SPI.o
 .group         0x0000000000000000        0xc ./Core/Src/SPI.o
 .group         0x0000000000000000        0xc ./Core/Src/SPI.o
 .text          0x0000000000000000        0x0 ./Core/Src/SPI.o
 .data          0x0000000000000000        0x0 ./Core/Src/SPI.o
 .bss           0x0000000000000000        0x0 ./Core/Src/SPI.o
 .debug_macro   0x0000000000000000      0xaa8 ./Core/Src/SPI.o
 .debug_macro   0x0000000000000000       0x34 ./Core/Src/SPI.o
 .debug_macro   0x0000000000000000       0xac ./Core/Src/SPI.o
 .debug_macro   0x0000000000000000       0x28 ./Core/Src/SPI.o
 .debug_macro   0x0000000000000000       0x22 ./Core/Src/SPI.o
 .debug_macro   0x0000000000000000       0x8e ./Core/Src/SPI.o
 .debug_macro   0x0000000000000000       0x51 ./Core/Src/SPI.o
 .debug_macro   0x0000000000000000      0x103 ./Core/Src/SPI.o
 .debug_macro   0x0000000000000000       0x6a ./Core/Src/SPI.o
 .debug_macro   0x0000000000000000      0x1df ./Core/Src/SPI.o
 .debug_macro   0x0000000000000000       0x1c ./Core/Src/SPI.o
 .debug_macro   0x0000000000000000       0x22 ./Core/Src/SPI.o
 .debug_macro   0x0000000000000000       0xdf ./Core/Src/SPI.o
 .debug_macro   0x0000000000000000     0x102d ./Core/Src/SPI.o
 .debug_macro   0x0000000000000000      0x11f ./Core/Src/SPI.o
 .debug_macro   0x0000000000000000     0xb86c ./Core/Src/SPI.o
 .group         0x0000000000000000        0xc ./Core/Src/TC72.o
 .group         0x0000000000000000        0xc ./Core/Src/TC72.o
 .text          0x0000000000000000        0x0 ./Core/Src/TC72.o
 .data          0x0000000000000000        0x0 ./Core/Src/TC72.o
 .bss           0x0000000000000000        0x0 ./Core/Src/TC72.o
 .debug_macro   0x0000000000000000      0xaa8 ./Core/Src/TC72.o
 .debug_macro   0x0000000000000000       0x2e ./Core/Src/TC72.o
 .group         0x0000000000000000        0xc ./Core/Src/USART.o
 .group         0x0000000000000000        0xc ./Core/Src/USART.o
 .group         0x0000000000000000        0xc ./Core/Src/USART.o
 .group         0x0000000000000000        0xc ./Core/Src/USART.o
 .group         0x0000000000000000        0xc ./Core/Src/USART.o
 .group         0x0000000000000000        0xc ./Core/Src/USART.o
 .group         0x0000000000000000        0xc ./Core/Src/USART.o
 .group         0x0000000000000000        0xc ./Core/Src/USART.o
 .group         0x0000000000000000        0xc ./Core/Src/USART.o
 .group         0x0000000000000000        0xc ./Core/Src/USART.o
 .group         0x0000000000000000        0xc ./Core/Src/USART.o
 .group         0x0000000000000000        0xc ./Core/Src/USART.o
 .group         0x0000000000000000        0xc ./Core/Src/USART.o
 .group         0x0000000000000000        0xc ./Core/Src/USART.o
 .group         0x0000000000000000        0xc ./Core/Src/USART.o
 .group         0x0000000000000000        0xc ./Core/Src/USART.o
 .text          0x0000000000000000        0x0 ./Core/Src/USART.o
 .data          0x0000000000000000        0x0 ./Core/Src/USART.o
 .bss           0x0000000000000000        0x0 ./Core/Src/USART.o
 .debug_macro   0x0000000000000000      0xaa8 ./Core/Src/USART.o
 .debug_macro   0x0000000000000000       0x34 ./Core/Src/USART.o
 .debug_macro   0x0000000000000000       0xac ./Core/Src/USART.o
 .debug_macro   0x0000000000000000       0x28 ./Core/Src/USART.o
 .debug_macro   0x0000000000000000       0x22 ./Core/Src/USART.o
 .debug_macro   0x0000000000000000       0x8e ./Core/Src/USART.o
 .debug_macro   0x0000000000000000       0x51 ./Core/Src/USART.o
 .debug_macro   0x0000000000000000      0x103 ./Core/Src/USART.o
 .debug_macro   0x0000000000000000       0x6a ./Core/Src/USART.o
 .debug_macro   0x0000000000000000      0x1df ./Core/Src/USART.o
 .debug_macro   0x0000000000000000       0x1c ./Core/Src/USART.o
 .debug_macro   0x0000000000000000       0x22 ./Core/Src/USART.o
 .debug_macro   0x0000000000000000       0xdf ./Core/Src/USART.o
 .debug_macro   0x0000000000000000     0x102d ./Core/Src/USART.o
 .debug_macro   0x0000000000000000      0x11f ./Core/Src/USART.o
 .debug_macro   0x0000000000000000     0xb86c ./Core/Src/USART.o
 .group         0x0000000000000000        0xc ./Core/Src/device.o
 .group         0x0000000000000000        0xc ./Core/Src/device.o
 .group         0x0000000000000000        0xc ./Core/Src/device.o
 .group         0x0000000000000000        0xc ./Core/Src/device.o
 .group         0x0000000000000000        0xc ./Core/Src/device.o
 .text          0x0000000000000000        0x0 ./Core/Src/device.o
 .data          0x0000000000000000        0x0 ./Core/Src/device.o
 .bss           0x0000000000000000        0x0 ./Core/Src/device.o
 .debug_macro   0x0000000000000000      0xaa8 ./Core/Src/device.o
 .debug_macro   0x0000000000000000       0x34 ./Core/Src/device.o
 .debug_macro   0x0000000000000000       0xac ./Core/Src/device.o
 .debug_macro   0x0000000000000000       0x2e ./Core/Src/device.o
 .group         0x0000000000000000        0xc ./Core/Src/main.o
 .group         0x0000000000000000        0xc ./Core/Src/main.o
 .group         0x0000000000000000        0xc ./Core/Src/main.o
 .group         0x0000000000000000        0xc ./Core/Src/main.o
 .group         0x0000000000000000        0xc ./Core/Src/main.o
 .group         0x0000000000000000        0xc ./Core/Src/main.o
 .text          0x0000000000000000        0x0 ./Core/Src/main.o
 .data          0x0000000000000000        0x0 ./Core/Src/main.o
 .bss           0x0000000000000000        0x0 ./Core/Src/main.o
 .debug_macro   0x0000000000000000      0xaa8 ./Core/Src/main.o
 .debug_macro   0x0000000000000000       0x6a ./Core/Src/main.o
 .debug_macro   0x0000000000000000       0x34 ./Core/Src/main.o
 .debug_macro   0x0000000000000000       0xac ./Core/Src/main.o
 .debug_macro   0x0000000000000000       0x2e ./Core/Src/main.o
 .debug_macro   0x0000000000000000       0x10 ./Core/Src/main.o
 .group         0x0000000000000000        0xc ./Core/Src/poller.o
 .group         0x0000000000000000        0xc ./Core/Src/poller.o
 .group         0x0000000000000000        0xc ./Core/Src/poller.o
 .group         0x0000000000000000        0xc ./Core/Src/poller.o
 .group         0x0000000000000000        0xc ./Core/Src/poller.o
 .text          0x0000000000000000        0x0 ./Core/Src/poller.o
 .data          0x0000000000000000        0x0 ./Core/Src/poller.o
 .bss           0x0000000000000000        0x0 ./Core/Src/poller.o
 .text.StopPolling
                0x0000000000000000       0x18 ./Core/Src/poller.o
 .debug_macro   0x0000000000000000      0xaa8 ./Core/Src/poller.o
 .debug_macro   0x0000000000000000       0x34 ./Core/Src/poller.o
 .debug_macro   0x0000000000000000       0xac ./Core/Src/poller.o
 .debug_macro   0x0000000000000000       0x2e ./Core/Src/poller.o
 .debug_macro   0x0000000000000000       0x10 ./Core/Src/poller.o
 .group         0x0000000000000000        0xc ./Core/Src/system_stm32f4xx.o
 .group         0x0000000000000000        0xc ./Core/Src/system_stm32f4xx.o
 .group         0x0000000000000000        0xc ./Core/Src/system_stm32f4xx.o
 .group         0x0000000000000000        0xc ./Core/Src/system_stm32f4xx.o
 .group         0x0000000000000000        0xc ./Core/Src/system_stm32f4xx.o
 .group         0x0000000000000000        0xc ./Core/Src/system_stm32f4xx.o
 .group         0x0000000000000000        0xc ./Core/Src/system_stm32f4xx.o
 .group         0x0000000000000000        0xc ./Core/Src/system_stm32f4xx.o
 .group         0x0000000000000000        0xc ./Core/Src/system_stm32f4xx.o
 .group         0x0000000000000000        0xc ./Core/Src/system_stm32f4xx.o
 .group         0x0000000000000000        0xc ./Core/Src/system_stm32f4xx.o
 .group         0x0000000000000000        0xc ./Core/Src/system_stm32f4xx.o
 .group         0x0000000000000000        0xc ./Core/Src/system_stm32f4xx.o
 .group         0x0000000000000000        0xc ./Core/Src/system_stm32f4xx.o
 .group         0x0000000000000000        0xc ./Core/Src/system_stm32f4xx.o
 .group         0x0000000000000000        0xc ./Core/Src/system_stm32f4xx.o
 .text          0x0000000000000000        0x0 ./Core/Src/system_stm32f4xx.o
 .data          0x0000000000000000        0x0 ./Core/Src/system_stm32f4xx.o
 .bss           0x0000000000000000        0x0 ./Core/Src/system_stm32f4xx.o
 .data.SystemCoreClock
                0x0000000000000000        0x4 ./Core/Src/system_stm32f4xx.o
 .rodata.AHBPrescTable
                0x0000000000000000       0x10 ./Core/Src/system_stm32f4xx.o
 .rodata.APBPrescTable
                0x0000000000000000        0x8 ./Core/Src/system_stm32f4xx.o
 .text.SystemCoreClockUpdate
                0x0000000000000000      0x100 ./Core/Src/system_stm32f4xx.o
 .debug_macro   0x0000000000000000      0xaa8 ./Core/Src/system_stm32f4xx.o
 .debug_macro   0x0000000000000000       0x2e ./Core/Src/system_stm32f4xx.o
 .debug_macro   0x0000000000000000       0x28 ./Core/Src/system_stm32f4xx.o
 .debug_macro   0x0000000000000000       0x22 ./Core/Src/system_stm32f4xx.o
 .debug_macro   0x0000000000000000       0x8e ./Core/Src/system_stm32f4xx.o
 .debug_macro   0x0000000000000000       0x51 ./Core/Src/system_stm32f4xx.o
 .debug_macro   0x0000000000000000      0x103 ./Core/Src/system_stm32f4xx.o
 .debug_macro   0x0000000000000000       0x6a ./Core/Src/system_stm32f4xx.o
 .debug_macro   0x0000000000000000      0x1df ./Core/Src/system_stm32f4xx.o
 .debug_macro   0x0000000000000000       0x1c ./Core/Src/system_stm32f4xx.o
 .debug_macro   0x0000000000000000       0x22 ./Core/Src/system_stm32f4xx.o
 .debug_macro   0x0000000000000000       0xdf ./Core/Src/system_stm32f4xx.o
 .debug_macro   0x0000000000000000     0x102d ./Core/Src/system_stm32f4xx.o
 .debug_macro   0x0000000000000000      0x11f ./Core/Src/system_stm32f4xx.o
 .debug_macro   0x0000000000000000     0xb86c ./Core/Src/system_stm32f4xx.o
 .debug_macro   0x0000000000000000       0x6d ./Core/Src/system_stm32f4xx.o
 .text          0x0000000000000000       0x14 ./Core/Startup/startup_stm32f401ccux.o
 .data          0x0000000000000000        0x0 ./Core/Startup/startup_stm32f401ccux.o
 .bss           0x0000000000000000        0x0 ./Core/Startup/startup_stm32f401ccux.o
 .group         0x0000000000000000        0xc ./test/test.o
 .text          0x0000000000000000        0x0 ./test/test.o
 .data          0x0000000000000000        0x0 ./test/test.o
 .bss           0x0000000000000000        0x0 ./test/test.o
 .debug_info    0x0000000000000000       0x21 ./test/test.o
 .debug_abbrev  0x0000000000000000       0x13 ./test/test.o
 .debug_aranges
                0x0000000000000000       0x18 ./test/test.o
 .debug_macro   0x0000000000000000       0x11 ./test/test.o
 .debug_macro   0x0000000000000000      0xaa8 ./test/test.o
 .debug_line    0x0000000000000000       0x2f ./test/test.o
 .debug_str     0x0000000000000000     0x2d9a ./test/test.o
 .comment       0x0000000000000000       0x54 ./test/test.o
 .ARM.attributes
                0x0000000000000000       0x39 ./test/test.o
 .text          0x0000000000000000        0x0 c:/st/stm32cubeide_1.7.0/stm32cubeide/plugins/com.st.stm32cube.ide.mcu.externaltools.gnu-tools-for-stm32.9-2020-q2-update.win32_2.0.0.202105311346/tools/bin/../lib/gcc/arm-none-eabi/9.3.1/../../../../arm-none-eabi/lib/thumb/v7e-m+fp/hard\libc_nano.a(lib_a-exit.o)
 .data          0x0000000000000000        0x0 c:/st/stm32cubeide_1.7.0/stm32cubeide/plugins/com.st.stm32cube.ide.mcu.externaltools.gnu-tools-for-stm32.9-2020-q2-update.win32_2.0.0.202105311346/tools/bin/../lib/gcc/arm-none-eabi/9.3.1/../../../../arm-none-eabi/lib/thumb/v7e-m+fp/hard\libc_nano.a(lib_a-exit.o)
 .bss           0x0000000000000000        0x0 c:/st/stm32cubeide_1.7.0/stm32cubeide/plugins/com.st.stm32cube.ide.mcu.externaltools.gnu-tools-for-stm32.9-2020-q2-update.win32_2.0.0.202105311346/tools/bin/../lib/gcc/arm-none-eabi/9.3.1/../../../../arm-none-eabi/lib/thumb/v7e-m+fp/hard\libc_nano.a(lib_a-exit.o)
 .text.exit     0x0000000000000000       0x28 c:/st/stm32cubeide_1.7.0/stm32cubeide/plugins/com.st.stm32cube.ide.mcu.externaltools.gnu-tools-for-stm32.9-2020-q2-update.win32_2.0.0.202105311346/tools/bin/../lib/gcc/arm-none-eabi/9.3.1/../../../../arm-none-eabi/lib/thumb/v7e-m+fp/hard\libc_nano.a(lib_a-exit.o)
 .debug_frame   0x0000000000000000       0x28 c:/st/stm32cubeide_1.7.0/stm32cubeide/plugins/com.st.stm32cube.ide.mcu.externaltools.gnu-tools-for-stm32.9-2020-q2-update.win32_2.0.0.202105311346/tools/bin/../lib/gcc/arm-none-eabi/9.3.1/../../../../arm-none-eabi/lib/thumb/v7e-m+fp/hard\libc_nano.a(lib_a-exit.o)
 .ARM.attributes
                0x0000000000000000       0x34 c:/st/stm32cubeide_1.7.0/stm32cubeide/plugins/com.st.stm32cube.ide.mcu.externaltools.gnu-tools-for-stm32.9-2020-q2-update.win32_2.0.0.202105311346/tools/bin/../lib/gcc/arm-none-eabi/9.3.1/../../../../arm-none-eabi/lib/thumb/v7e-m+fp/hard\libc_nano.a(lib_a-exit.o)
 .text          0x0000000000000000        0x0 c:/st/stm32cubeide_1.7.0/stm32cubeide/plugins/com.st.stm32cube.ide.mcu.externaltools.gnu-tools-for-stm32.9-2020-q2-update.win32_2.0.0.202105311346/tools/bin/../lib/gcc/arm-none-eabi/9.3.1/../../../../arm-none-eabi/lib/thumb/v7e-m+fp/hard\libc_nano.a(lib_a-impure.o)
 .data          0x0000000000000000        0x0 c:/st/stm32cubeide_1.7.0/stm32cubeide/plugins/com.st.stm32cube.ide.mcu.externaltools.gnu-tools-for-stm32.9-2020-q2-update.win32_2.0.0.202105311346/tools/bin/../lib/gcc/arm-none-eabi/9.3.1/../../../../arm-none-eabi/lib/thumb/v7e-m+fp/hard\libc_nano.a(lib_a-impure.o)
 .bss           0x0000000000000000        0x0 c:/st/stm32cubeide_1.7.0/stm32cubeide/plugins/com.st.stm32cube.ide.mcu.externaltools.gnu-tools-for-stm32.9-2020-q2-update.win32_2.0.0.202105311346/tools/bin/../lib/gcc/arm-none-eabi/9.3.1/../../../../arm-none-eabi/lib/thumb/v7e-m+fp/hard\libc_nano.a(lib_a-impure.o)
 .data._impure_ptr
                0x0000000000000000        0x4 c:/st/stm32cubeide_1.7.0/stm32cubeide/plugins/com.st.stm32cube.ide.mcu.externaltools.gnu-tools-for-stm32.9-2020-q2-update.win32_2.0.0.202105311346/tools/bin/../lib/gcc/arm-none-eabi/9.3.1/../../../../arm-none-eabi/lib/thumb/v7e-m+fp/hard\libc_nano.a(lib_a-impure.o)
 .data.impure_data
                0x0000000000000000       0x60 c:/st/stm32cubeide_1.7.0/stm32cubeide/plugins/com.st.stm32cube.ide.mcu.externaltools.gnu-tools-for-stm32.9-2020-q2-update.win32_2.0.0.202105311346/tools/bin/../lib/gcc/arm-none-eabi/9.3.1/../../../../arm-none-eabi/lib/thumb/v7e-m+fp/hard\libc_nano.a(lib_a-impure.o)
 .rodata._global_impure_ptr
                0x0000000000000000        0x4 c:/st/stm32cubeide_1.7.0/stm32cubeide/plugins/com.st.stm32cube.ide.mcu.externaltools.gnu-tools-for-stm32.9-2020-q2-update.win32_2.0.0.202105311346/tools/bin/../lib/gcc/arm-none-eabi/9.3.1/../../../../arm-none-eabi/lib/thumb/v7e-m+fp/hard\libc_nano.a(lib_a-impure.o)
 .ARM.attributes
                0x0000000000000000       0x32 c:/st/stm32cubeide_1.7.0/stm32cubeide/plugins/com.st.stm32cube.ide.mcu.externaltools.gnu-tools-for-stm32.9-2020-q2-update.win32_2.0.0.202105311346/tools/bin/../lib/gcc/arm-none-eabi/9.3.1/../../../../arm-none-eabi/lib/thumb/v7e-m+fp/hard\libc_nano.a(lib_a-impure.o)
 .text          0x0000000000000000        0x0 c:/st/stm32cubeide_1.7.0/stm32cubeide/plugins/com.st.stm32cube.ide.mcu.externaltools.gnu-tools-for-stm32.9-2020-q2-update.win32_2.0.0.202105311346/tools/bin/../lib/gcc/arm-none-eabi/9.3.1/../../../../arm-none-eabi/lib/thumb/v7e-m+fp/hard\libc_nano.a(lib_a-init.o)
 .data          0x0000000000000000        0x0 c:/st/stm32cubeide_1.7.0/stm32cubeide/plugins/com.st.stm32cube.ide.mcu.externaltools.gnu-tools-for-stm32.9-2020-q2-update.win32_2.0.0.202105311346/tools/bin/../lib/gcc/arm-none-eabi/9.3.1/../../../../arm-none-eabi/lib/thumb/v7e-m+fp/hard\libc_nano.a(lib_a-init.o)
 .bss           0x0000000000000000        0x0 c:/st/stm32cubeide_1.7.0/stm32cubeide/plugins/com.st.stm32cube.ide.mcu.externaltools.gnu-tools-for-stm32.9-2020-q2-update.win32_2.0.0.202105311346/tools/bin/../lib/gcc/arm-none-eabi/9.3.1/../../../../arm-none-eabi/lib/thumb/v7e-m+fp/hard\libc_nano.a(lib_a-init.o)
 .text          0x0000000000000000        0x0 c:/st/stm32cubeide_1.7.0/stm32cubeide/plugins/com.st.stm32cube.ide.mcu.externaltools.gnu-tools-for-stm32.9-2020-q2-update.win32_2.0.0.202105311346/tools/bin/../lib/gcc/arm-none-eabi/9.3.1/../../../../arm-none-eabi/lib/thumb/v7e-m+fp/hard\libc_nano.a(lib_a-memset.o)
 .data          0x0000000000000000        0x0 c:/st/stm32cubeide_1.7.0/stm32cubeide/plugins/com.st.stm32cube.ide.mcu.externaltools.gnu-tools-for-stm32.9-2020-q2-update.win32_2.0.0.202105311346/tools/bin/../lib/gcc/arm-none-eabi/9.3.1/../../../../arm-none-eabi/lib/thumb/v7e-m+fp/hard\libc_nano.a(lib_a-memset.o)
 .bss           0x0000000000000000        0x0 c:/st/stm32cubeide_1.7.0/stm32cubeide/plugins/com.st.stm32cube.ide.mcu.externaltools.gnu-tools-for-stm32.9-2020-q2-update.win32_2.0.0.202105311346/tools/bin/../lib/gcc/arm-none-eabi/9.3.1/../../../../arm-none-eabi/lib/thumb/v7e-m+fp/hard\libc_nano.a(lib_a-memset.o)
 .text.memset   0x0000000000000000       0x10 c:/st/stm32cubeide_1.7.0/stm32cubeide/plugins/com.st.stm32cube.ide.mcu.externaltools.gnu-tools-for-stm32.9-2020-q2-update.win32_2.0.0.202105311346/tools/bin/../lib/gcc/arm-none-eabi/9.3.1/../../../../arm-none-eabi/lib/thumb/v7e-m+fp/hard\libc_nano.a(lib_a-memset.o)
 .debug_frame   0x0000000000000000       0x20 c:/st/stm32cubeide_1.7.0/stm32cubeide/plugins/com.st.stm32cube.ide.mcu.externaltools.gnu-tools-for-stm32.9-2020-q2-update.win32_2.0.0.202105311346/tools/bin/../lib/gcc/arm-none-eabi/9.3.1/../../../../arm-none-eabi/lib/thumb/v7e-m+fp/hard\libc_nano.a(lib_a-memset.o)
 .ARM.attributes
                0x0000000000000000       0x34 c:/st/stm32cubeide_1.7.0/stm32cubeide/plugins/com.st.stm32cube.ide.mcu.externaltools.gnu-tools-for-stm32.9-2020-q2-update.win32_2.0.0.202105311346/tools/bin/../lib/gcc/arm-none-eabi/9.3.1/../../../../arm-none-eabi/lib/thumb/v7e-m+fp/hard\libc_nano.a(lib_a-memset.o)
 .text          0x0000000000000000        0x0 c:/st/stm32cubeide_1.7.0/stm32cubeide/plugins/com.st.stm32cube.ide.mcu.externaltools.gnu-tools-for-stm32.9-2020-q2-update.win32_2.0.0.202105311346/tools/bin/../lib/gcc/arm-none-eabi/9.3.1/../../../../arm-none-eabi/lib/thumb/v7e-m+fp/hard\libnosys.a(_exit.o)
 .data          0x0000000000000000        0x0 c:/st/stm32cubeide_1.7.0/stm32cubeide/plugins/com.st.stm32cube.ide.mcu.externaltools.gnu-tools-for-stm32.9-2020-q2-update.win32_2.0.0.202105311346/tools/bin/../lib/gcc/arm-none-eabi/9.3.1/../../../../arm-none-eabi/lib/thumb/v7e-m+fp/hard\libnosys.a(_exit.o)
 .bss           0x0000000000000000        0x0 c:/st/stm32cubeide_1.7.0/stm32cubeide/plugins/com.st.stm32cube.ide.mcu.externaltools.gnu-tools-for-stm32.9-2020-q2-update.win32_2.0.0.202105311346/tools/bin/../lib/gcc/arm-none-eabi/9.3.1/../../../../arm-none-eabi/lib/thumb/v7e-m+fp/hard\libnosys.a(_exit.o)
 .text._exit    0x0000000000000000        0x2 c:/st/stm32cubeide_1.7.0/stm32cubeide/plugins/com.st.stm32cube.ide.mcu.externaltools.gnu-tools-for-stm32.9-2020-q2-update.win32_2.0.0.202105311346/tools/bin/../lib/gcc/arm-none-eabi/9.3.1/../../../../arm-none-eabi/lib/thumb/v7e-m+fp/hard\libnosys.a(_exit.o)
 .debug_frame   0x0000000000000000       0x20 c:/st/stm32cubeide_1.7.0/stm32cubeide/plugins/com.st.stm32cube.ide.mcu.externaltools.gnu-tools-for-stm32.9-2020-q2-update.win32_2.0.0.202105311346/tools/bin/../lib/gcc/arm-none-eabi/9.3.1/../../../../arm-none-eabi/lib/thumb/v7e-m+fp/hard\libnosys.a(_exit.o)
 .ARM.attributes
                0x0000000000000000       0x34 c:/st/stm32cubeide_1.7.0/stm32cubeide/plugins/com.st.stm32cube.ide.mcu.externaltools.gnu-tools-for-stm32.9-2020-q2-update.win32_2.0.0.202105311346/tools/bin/../lib/gcc/arm-none-eabi/9.3.1/../../../../arm-none-eabi/lib/thumb/v7e-m+fp/hard\libnosys.a(_exit.o)
 .text          0x0000000000000000        0x0 c:/st/stm32cubeide_1.7.0/stm32cubeide/plugins/com.st.stm32cube.ide.mcu.externaltools.gnu-tools-for-stm32.9-2020-q2-update.win32_2.0.0.202105311346/tools/bin/../lib/gcc/arm-none-eabi/9.3.1/thumb/v7e-m+fp/hard/crtend.o
 .data          0x0000000000000000        0x0 c:/st/stm32cubeide_1.7.0/stm32cubeide/plugins/com.st.stm32cube.ide.mcu.externaltools.gnu-tools-for-stm32.9-2020-q2-update.win32_2.0.0.202105311346/tools/bin/../lib/gcc/arm-none-eabi/9.3.1/thumb/v7e-m+fp/hard/crtend.o
 .bss           0x0000000000000000        0x0 c:/st/stm32cubeide_1.7.0/stm32cubeide/plugins/com.st.stm32cube.ide.mcu.externaltools.gnu-tools-for-stm32.9-2020-q2-update.win32_2.0.0.202105311346/tools/bin/../lib/gcc/arm-none-eabi/9.3.1/thumb/v7e-m+fp/hard/crtend.o
 .eh_frame      0x0000000000000000        0x4 c:/st/stm32cubeide_1.7.0/stm32cubeide/plugins/com.st.stm32cube.ide.mcu.externaltools.gnu-tools-for-stm32.9-2020-q2-update.win32_2.0.0.202105311346/tools/bin/../lib/gcc/arm-none-eabi/9.3.1/thumb/v7e-m+fp/hard/crtend.o
 .ARM.attributes
                0x0000000000000000       0x32 c:/st/stm32cubeide_1.7.0/stm32cubeide/plugins/com.st.stm32cube.ide.mcu.externaltools.gnu-tools-for-stm32.9-2020-q2-update.win32_2.0.0.202105311346/tools/bin/../lib/gcc/arm-none-eabi/9.3.1/thumb/v7e-m+fp/hard/crtend.o
 .text          0x0000000000000000        0x0 c:/st/stm32cubeide_1.7.0/stm32cubeide/plugins/com.st.stm32cube.ide.mcu.externaltools.gnu-tools-for-stm32.9-2020-q2-update.win32_2.0.0.202105311346/tools/bin/../lib/gcc/arm-none-eabi/9.3.1/thumb/v7e-m+fp/hard/crtn.o
 .data          0x0000000000000000        0x0 c:/st/stm32cubeide_1.7.0/stm32cubeide/plugins/com.st.stm32cube.ide.mcu.externaltools.gnu-tools-for-stm32.9-2020-q2-update.win32_2.0.0.202105311346/tools/bin/../lib/gcc/arm-none-eabi/9.3.1/thumb/v7e-m+fp/hard/crtn.o
 .bss           0x0000000000000000        0x0 c:/st/stm32cubeide_1.7.0/stm32cubeide/plugins/com.st.stm32cube.ide.mcu.externaltools.gnu-tools-for-stm32.9-2020-q2-update.win32_2.0.0.202105311346/tools/bin/../lib/gcc/arm-none-eabi/9.3.1/thumb/v7e-m+fp/hard/crtn.o

Memory Configuration

Name             Origin             Length             Attributes
RAM              0x0000000020000000 0x0000000000010000 xrw
FLASH            0x0000000008000000 0x0000000000040000 xr
*default*        0x0000000000000000 0xffffffffffffffff

Linker script and memory map

LOAD c:/st/stm32cubeide_1.7.0/stm32cubeide/plugins/com.st.stm32cube.ide.mcu.externaltools.gnu-tools-for-stm32.9-2020-q2-update.win32_2.0.0.202105311346/tools/bin/../lib/gcc/arm-none-eabi/9.3.1/thumb/v7e-m+fp/hard/crti.o
LOAD c:/st/stm32cubeide_1.7.0/stm32cubeide/plugins/com.st.stm32cube.ide.mcu.externaltools.gnu-tools-for-stm32.9-2020-q2-update.win32_2.0.0.202105311346/tools/bin/../lib/gcc/arm-none-eabi/9.3.1/thumb/v7e-m+fp/hard/crtbegin.o
LOAD c:/st/stm32cubeide_1.7.0/stm32cubeide/plugins/com.st.stm32cube.ide.mcu.externaltools.gnu-tools-for-stm32.9-2020-q2-update.win32_2.0.0.202105311346/tools/bin/../lib/gcc/arm-none-eabi/9.3.1/../../../../arm-none-eabi/lib/thumb/v7e-m+fp/hard/crt0.o
LOAD ./Core/Src/GPIO.o
LOAD ./Core/Src/PWM.o
LOAD ./Core/Src/PollDataClient.o
LOAD ./Core/Src/PollerTimer.o
LOAD ./Core/Src/SPI.o
LOAD ./Core/Src/TC72.o
LOAD ./Core/Src/USART.o
LOAD ./Core/Src/device.o
LOAD ./Core/Src/main.o
LOAD ./Core/Src/poller.o
LOAD ./Core/Src/system_stm32f4xx.o
LOAD ./Core/Startup/startup_stm32f401ccux.o
LOAD ./test/test.o
START GROUP
LOAD c:/st/stm32cubeide_1.7.0/stm32cubeide/plugins/com.st.stm32cube.ide.mcu.externaltools.gnu-tools-for-stm32.9-2020-q2-update.win32_2.0.0.202105311346/tools/bin/../lib/gcc/arm-none-eabi/9.3.1/../../../../arm-none-eabi/lib/thumb/v7e-m+fp/hard\libc_nano.a
LOAD c:/st/stm32cubeide_1.7.0/stm32cubeide/plugins/com.st.stm32cube.ide.mcu.externaltools.gnu-tools-for-stm32.9-2020-q2-update.win32_2.0.0.202105311346/tools/bin/../lib/gcc/arm-none-eabi/9.3.1/../../../../arm-none-eabi/lib/thumb/v7e-m+fp/hard\libm.a
END GROUP
START GROUP
LOAD c:/st/stm32cubeide_1.7.0/stm32cubeide/plugins/com.st.stm32cube.ide.mcu.externaltools.gnu-tools-for-stm32.9-2020-q2-update.win32_2.0.0.202105311346/tools/bin/../lib/gcc/arm-none-eabi/9.3.1/thumb/v7e-m+fp/hard\libgcc.a
LOAD c:/st/stm32cubeide_1.7.0/stm32cubeide/plugins/com.st.stm32cube.ide.mcu.externaltools.gnu-tools-for-stm32.9-2020-q2-update.win32_2.0.0.202105311346/tools/bin/../lib/gcc/arm-none-eabi/9.3.1/../../../../arm-none-eabi/lib/thumb/v7e-m+fp/hard\libc_nano.a
END GROUP
START GROUP
LOAD c:/st/stm32cubeide_1.7.0/stm32cubeide/plugins/com.st.stm32cube.ide.mcu.externaltools.gnu-tools-for-stm32.9-2020-q2-update.win32_2.0.0.202105311346/tools/bin/../lib/gcc/arm-none-eabi/9.3.1/thumb/v7e-m+fp/hard\libgcc.a
LOAD c:/st/stm32cubeide_1.7.0/stm32cubeide/plugins/com.st.stm32cube.ide.mcu.externaltools.gnu-tools-for-stm32.9-2020-q2-update.win32_2.0.0.202105311346/tools/bin/../lib/gcc/arm-none-eabi/9.3.1/../../../../arm-none-eabi/lib/thumb/v7e-m+fp/hard\libc_nano.a
LOAD c:/st/stm32cubeide_1.7.0/stm32cubeide/plugins/com.st.stm32cube.ide.mcu.externaltools.gnu-tools-for-stm32.9-2020-q2-update.win32_2.0.0.202105311346/tools/bin/../lib/gcc/arm-none-eabi/9.3.1/../../../../arm-none-eabi/lib/thumb/v7e-m+fp/hard\libnosys.a
END GROUP
START GROUP
LOAD c:/st/stm32cubeide_1.7.0/stm32cubeide/plugins/com.st.stm32cube.ide.mcu.externaltools.gnu-tools-for-stm32.9-2020-q2-update.win32_2.0.0.202105311346/tools/bin/../lib/gcc/arm-none-eabi/9.3.1/thumb/v7e-m+fp/hard\libgcc.a
LOAD c:/st/stm32cubeide_1.7.0/stm32cubeide/plugins/com.st.stm32cube.ide.mcu.externaltools.gnu-tools-for-stm32.9-2020-q2-update.win32_2.0.0.202105311346/tools/bin/../lib/gcc/arm-none-eabi/9.3.1/../../../../arm-none-eabi/lib/thumb/v7e-m+fp/hard\libc_nano.a
LOAD c:/st/stm32cubeide_1.7.0/stm32cubeide/plugins/com.st.stm32cube.ide.mcu.externaltools.gnu-tools-for-stm32.9-2020-q2-update.win32_2.0.0.202105311346/tools/bin/../lib/gcc/arm-none-eabi/9.3.1/../../../../arm-none-eabi/lib/thumb/v7e-m+fp/hard\libnosys.a
END GROUP
LOAD c:/st/stm32cubeide_1.7.0/stm32cubeide/plugins/com.st.stm32cube.ide.mcu.externaltools.gnu-tools-for-stm32.9-2020-q2-update.win32_2.0.0.202105311346/tools/bin/../lib/gcc/arm-none-eabi/9.3.1/thumb/v7e-m+fp/hard/crtend.o
LOAD c:/st/stm32cubeide_1.7.0/stm32cubeide/plugins/com.st.stm32cube.ide.mcu.externaltools.gnu-tools-for-stm32.9-2020-q2-update.win32_2.0.0.202105311346/tools/bin/../lib/gcc/arm-none-eabi/9.3.1/thumb/v7e-m+fp/hard/crtn.o
                0x0000000020010000                _estack = (ORIGIN (RAM) + LENGTH (RAM))
                0x0000000000000200                _Min_Heap_Size = 0x200
                0x0000000000000400                _Min_Stack_Size = 0x400

.isr_vector     0x0000000008000000      0x194
                0x0000000008000000                . = ALIGN (0x4)
 *(.isr_vector)
 .isr_vector    0x0000000008000000      0x194 ./Core/Startup/startup_stm32f401ccux.o
                0x0000000008000000                g_pfnVectors
                0x0000000008000194                . = ALIGN (0x4)

.text           0x0000000008000194      0xcc0
                0x0000000008000194                . = ALIGN (0x4)
 *(.text)
 .text          0x0000000008000194       0x40 c:/st/stm32cubeide_1.7.0/stm32cubeide/plugins/com.st.stm32cube.ide.mcu.externaltools.gnu-tools-for-stm32.9-2020-q2-update.win32_2.0.0.202105311346/tools/bin/../lib/gcc/arm-none-eabi/9.3.1/thumb/v7e-m+fp/hard/crtbegin.o
 *(.text*)
 .text.GPIO_EnableClock
                0x00000000080001d4       0x30 ./Core/Src/GPIO.o
                0x00000000080001d4                GPIO_EnableClock
 .text.GPIO_Init
                0x0000000008000204      0x114 ./Core/Src/GPIO.o
                0x0000000008000204                GPIO_Init
 .text.GPIO_WritePin
                0x0000000008000318       0xa4 ./Core/Src/GPIO.o
                0x0000000008000318                GPIO_WritePin
 .text.PWM_INIT
                0x00000000080003bc      0x18c ./Core/Src/PWM.o
                0x00000000080003bc                PWM_INIT
 .text.PWM_START_TIMER
                0x0000000008000548       0x20 ./Core/Src/PWM.o
                0x0000000008000548                PWM_START_TIMER
 .text.PWM_ChangeDutycycle
                0x0000000008000568       0x58 ./Core/Src/PWM.o
                0x0000000008000568                PWM_ChangeDutycycle
 .text.floatToStr
                0x00000000080005c0      0x13c ./Core/Src/PollDataClient.o
                0x00000000080005c0                floatToStr
 .text.Handle_data
                0x00000000080006fc      0x108 ./Core/Src/PollDataClient.o
                0x00000000080006fc                Handle_data
 .text.__NVIC_EnableIRQ
                0x0000000008000804       0x3c ./Core/Src/PollerTimer.o
 .text.StartTimer
                0x0000000008000840       0x48 ./Core/Src/PollerTimer.o
                0x0000000008000840                StartTimer
 .text.EnableInterrupt
                0x0000000008000888       0x1e ./Core/Src/PollerTimer.o
                0x0000000008000888                EnableInterrupt
 .text.CallPollingFunction
                0x00000000080008a6        0xc ./Core/Src/PollerTimer.o
                0x00000000080008a6                CallPollingFunction
 *fill*         0x00000000080008b2        0x2 
 .text.SPI1_Init
                0x00000000080008b4       0xec ./Core/Src/SPI.o
                0x00000000080008b4                SPI1_Init
 .text.SPI1_TransmitRecieveByte
                0x00000000080009a0       0x48 ./Core/Src/SPI.o
                0x00000000080009a0                SPI1_TransmitRecieveByte
 .text.TC72_Init
                0x00000000080009e8       0x1a ./Core/Src/TC72.o
                0x00000000080009e8                TC72_Init
 .text.TC72_RegisterWrite
                0x0000000008000a02       0x2e ./Core/Src/TC72.o
                0x0000000008000a02                TC72_RegisterWrite
 .text.TC72_RegisterRead
                0x0000000008000a30       0x30 ./Core/Src/TC72.o
                0x0000000008000a30                TC72_RegisterRead
 .text.USART2_Init
                0x0000000008000a60       0x90 ./Core/Src/USART.o
                0x0000000008000a60                USART2_Init
 .text.USART2_Transmit
                0x0000000008000af0       0x64 ./Core/Src/USART.o
                0x0000000008000af0                USART2_Transmit
 .text.Init_Device
                0x0000000008000b54       0x58 ./Core/Src/device.o
                0x0000000008000b54                Init_Device
 .text.Get_Data
                0x0000000008000bac       0xa6 ./Core/Src/device.o
                0x0000000008000bac                Get_Data
 *fill*         0x0000000008000c52        0x2 
 .text.main     0x0000000008000c54       0x68 ./Core/Src/main.o
                0x0000000008000c54                main
 .text.TIM2_IRQHandler
                0x0000000008000cbc       0x1c ./Core/Src/main.o
                0x0000000008000cbc                TIM2_IRQHandler
 .text.Poll     0x0000000008000cd8       0x5c ./Core/Src/poller.o
                0x0000000008000cd8                Poll
 .text.StartPolling
                0x0000000008000d34       0x18 ./Core/Src/poller.o
                0x0000000008000d34                StartPolling
 .text.SetPollingTime
                0x0000000008000d4c       0x30 ./Core/Src/poller.o
                0x0000000008000d4c                SetPollingTime
 .text.SystemInit
                0x0000000008000d7c       0x24 ./Core/Src/system_stm32f4xx.o
                0x0000000008000d7c                SystemInit
 .text.Reset_Handler
                0x0000000008000da0       0x50 ./Core/Startup/startup_stm32f401ccux.o
                0x0000000008000da0                Reset_Handler
 .text.Default_Handler
                0x0000000008000df0        0x2 ./Core/Startup/startup_stm32f401ccux.o
                0x0000000008000df0                RTC_Alarm_IRQHandler
                0x0000000008000df0                EXTI2_IRQHandler
                0x0000000008000df0                DebugMon_Handler
                0x0000000008000df0                SPI4_IRQHandler
                0x0000000008000df0                TIM1_CC_IRQHandler
                0x0000000008000df0                DMA2_Stream5_IRQHandler
                0x0000000008000df0                HardFault_Handler
                0x0000000008000df0                DMA1_Stream5_IRQHandler
                0x0000000008000df0                SysTick_Handler
                0x0000000008000df0                PVD_IRQHandler
                0x0000000008000df0                SDIO_IRQHandler
                0x0000000008000df0                TAMP_STAMP_IRQHandler
                0x0000000008000df0                PendSV_Handler
                0x0000000008000df0                NMI_Handler
                0x0000000008000df0                EXTI3_IRQHandler
                0x0000000008000df0                TIM1_UP_TIM10_IRQHandler
                0x0000000008000df0                I2C3_ER_IRQHandler
                0x0000000008000df0                EXTI0_IRQHandler
                0x0000000008000df0                I2C2_EV_IRQHandler
                0x0000000008000df0                DMA1_Stream2_IRQHandler
                0x0000000008000df0                FPU_IRQHandler
                0x0000000008000df0                UsageFault_Handler
                0x0000000008000df0                DMA2_Stream2_IRQHandler
                0x0000000008000df0                SPI1_IRQHandler
                0x0000000008000df0                TIM1_BRK_TIM9_IRQHandler
                0x0000000008000df0                DMA2_Stream3_IRQHandler
                0x0000000008000df0                USART6_IRQHandler
                0x0000000008000df0                DMA2_Stream0_IRQHandler
                0x0000000008000df0                TIM4_IRQHandler
                0x0000000008000df0                I2C1_EV_IRQHandler
                0x0000000008000df0                DMA1_Stream6_IRQHandler
                0x0000000008000df0                DMA1_Stream1_IRQHandler
                0x0000000008000df0                TIM3_IRQHandler
                0x0000000008000df0                RCC_IRQHandler
                0x0000000008000df0                Default_Handler
                0x0000000008000df0                EXTI15_10_IRQHandler
                0x0000000008000df0                ADC_IRQHandler
                0x0000000008000df0                DMA1_Stream7_IRQHandler
                0x0000000008000df0                TIM5_IRQHandler
                0x0000000008000df0                DMA2_Stream7_IRQHandler
                0x0000000008000df0                I2C3_EV_IRQHandler
                0x0000000008000df0                EXTI9_5_IRQHandler
                0x0000000008000df0                RTC_WKUP_IRQHandler
                0x0000000008000df0                SPI2_IRQHandler
                0x0000000008000df0                MemManage_Handler
                0x0000000008000df0                DMA1_Stream0_IRQHandler
                0x0000000008000df0                SVC_Handler
                0x0000000008000df0                EXTI4_IRQHandler
                0x0000000008000df0                WWDG_IRQHandler
                0x0000000008000df0                OTG_FS_WKUP_IRQHandler
                0x0000000008000df0                TIM1_TRG_COM_TIM11_IRQHandler
                0x0000000008000df0                EXTI1_IRQHandler
                0x0000000008000df0                USART2_IRQHandler
                0x0000000008000df0                I2C2_ER_IRQHandler
                0x0000000008000df0                DMA2_Stream1_IRQHandler
                0x0000000008000df0                FLASH_IRQHandler
                0x0000000008000df0                DMA2_Stream4_IRQHandler
                0x0000000008000df0                BusFault_Handler
                0x0000000008000df0                USART1_IRQHandler
                0x0000000008000df0                OTG_FS_IRQHandler
                0x0000000008000df0                SPI3_IRQHandler
                0x0000000008000df0                DMA1_Stream4_IRQHandler
                0x0000000008000df0                I2C1_ER_IRQHandler
                0x0000000008000df0                DMA2_Stream6_IRQHandler
                0x0000000008000df0                DMA1_Stream3_IRQHandler
 *fill*         0x0000000008000df2        0x2 
 .text.__libc_init_array
                0x0000000008000df4       0x48 c:/st/stm32cubeide_1.7.0/stm32cubeide/plugins/com.st.stm32cube.ide.mcu.externaltools.gnu-tools-for-stm32.9-2020-q2-update.win32_2.0.0.202105311346/tools/bin/../lib/gcc/arm-none-eabi/9.3.1/../../../../arm-none-eabi/lib/thumb/v7e-m+fp/hard\libc_nano.a(lib_a-init.o)
                0x0000000008000df4                __libc_init_array
 *(.glue_7)
 .glue_7        0x0000000008000e3c        0x0 linker stubs
 *(.glue_7t)
 .glue_7t       0x0000000008000e3c        0x0 linker stubs
 *(.eh_frame)
 .eh_frame      0x0000000008000e3c        0x0 c:/st/stm32cubeide_1.7.0/stm32cubeide/plugins/com.st.stm32cube.ide.mcu.externaltools.gnu-tools-for-stm32.9-2020-q2-update.win32_2.0.0.202105311346/tools/bin/../lib/gcc/arm-none-eabi/9.3.1/thumb/v7e-m+fp/hard/crtbegin.o
 *(.init)
 .init          0x0000000008000e3c        0x4 c:/st/stm32cubeide_1.7.0/stm32cubeide/plugins/com.st.stm32cube.ide.mcu.externaltools.gnu-tools-for-stm32.9-2020-q2-update.win32_2.0.0.202105311346/tools/bin/../lib/gcc/arm-none-eabi/9.3.1/thumb/v7e-m+fp/hard/crti.o
                0x0000000008000e3c                _init
 .init          0x0000000008000e40        0x8 c:/st/stm32cubeide_1.7.0/stm32cubeide/plugins/com.st.stm32cube.ide.mcu.externaltools.gnu-tools-for-stm32.9-2020-q2-update.win32_2.0.0.202105311346/tools/bin/../lib/gcc/arm-none-eabi/9.3.1/thumb/v7e-m+fp/hard/crtn.o
 *(.fini)
 .fini          0x0000000008000e48        0x4 c:/st/stm32cubeide_1.7.0/stm32cubeide/plugins/com.st.stm32cube.ide.mcu.externaltools.gnu-tools-for-stm32.9-2020-q2-update.win32_2.0.0.202105311346/tools/bin/../lib/gcc/arm-none-eabi/9.3.1/thumb/v7e-m+fp/hard/crti.o
                0x0000000008000e48                _fini
 .fini          0x0000000008000e4c        0x8 c:/st/stm32cubeide_1.7.0/stm32cubeide/plugins/com.st.stm32cube.ide.mcu.externaltools.gnu-tools-for-stm32.9-2020-q2-update.win32_2.0.0.202105311346/tools/bin/../lib/gcc/arm-none-eabi/9.3.1/thumb/v7e-m+fp/hard/crtn.o
                0x0000000008000e54                . = ALIGN (0x4)
                0x0000000008000e54                _etext = .

.vfp11_veneer   0x0000000008000e54        0x0
 .vfp11_veneer  0x0000000008000e54        0x0 linker stubs

.v4_bx          0x0000000008000e54        0x0
 .v4_bx         0x0000000008000e54        0x0 linker stubs

.iplt           0x0000000008000e54        0x0
 .iplt          0x0000000008000e54        0x0 c:/st/stm32cubeide_1.7.0/stm32cubeide/plugins/com.st.stm32cube.ide.mcu.externaltools.gnu-tools-for-stm32.9-2020-q2-update.win32_2.0.0.202105311346/tools/bin/../lib/gcc/arm-none-eabi/9.3.1/thumb/v7e-m+fp/hard/crtbegin.o

.rodata         0x0000000008000e54        0xc
                0x0000000008000e54                . = ALIGN (0x4)
 *(.rodata)
 .rodata        0x0000000008000e54        0xc ./Core/Src/device.o
 *(.rodata*)
                0x0000000008000e60                . = ALIGN (0x4)

.rel.dyn        0x0000000008000e60        0x0
 .rel.iplt      0x0000000008000e60        0x0 c:/st/stm32cubeide_1.7.0/stm32cubeide/plugins/com.st.stm32cube.ide.mcu.externaltools.gnu-tools-for-stm32.9-2020-q2-update.win32_2.0.0.202105311346/tools/bin/../lib/gcc/arm-none-eabi/9.3.1/thumb/v7e-m+fp/hard/crtbegin.o

.ARM.extab      0x0000000008000e60        0x0
                0x0000000008000e60                . = ALIGN (0x4)
 *(.ARM.extab* .gnu.linkonce.armextab.*)
                0x0000000008000e60                . = ALIGN (0x4)

.ARM            0x0000000008000e60        0x0
                0x0000000008000e60                . = ALIGN (0x4)
                0x0000000008000e60                __exidx_start = .
 *(.ARM.exidx*)
                0x0000000008000e60                __exidx_end = .
                0x0000000008000e60                . = ALIGN (0x4)

.preinit_array  0x0000000008000e60        0x0
                0x0000000008000e60                . = ALIGN (0x4)
                0x0000000008000e60                PROVIDE (__preinit_array_start = .)
 *(.preinit_array*)
                0x0000000008000e60                PROVIDE (__preinit_array_end = .)
                0x0000000008000e60                . = ALIGN (0x4)

.init_array     0x0000000008000e60        0x4
                0x0000000008000e60                . = ALIGN (0x4)
                0x0000000008000e60                PROVIDE (__init_array_start = .)
 *(SORT_BY_NAME(.init_array.*))
 *(.init_array*)
 .init_array    0x0000000008000e60        0x4 c:/st/stm32cubeide_1.7.0/stm32cubeide/plugins/com.st.stm32cube.ide.mcu.externaltools.gnu-tools-for-stm32.9-2020-q2-update.win32_2.0.0.202105311346/tools/bin/../lib/gcc/arm-none-eabi/9.3.1/thumb/v7e-m+fp/hard/crtbegin.o
                0x0000000008000e64                PROVIDE (__init_array_end = .)
                0x0000000008000e64                . = ALIGN (0x4)

.fini_array     0x0000000008000e64        0x4
                0x0000000008000e64                . = ALIGN (0x4)
                [!provide]                        PROVIDE (__fini_array_start = .)
 *(SORT_BY_NAME(.fini_array.*))
 *(.fini_array*)
 .fini_array    0x0000000008000e64        0x4 c:/st/stm32cubeide_1.7.0/stm32cubeide/plugins/com.st.stm32cube.ide.mcu.externaltools.gnu-tools-for-stm32.9-2020-q2-update.win32_2.0.0.202105311346/tools/bin/../lib/gcc/arm-none-eabi/9.3.1/thumb/v7e-m+fp/hard/crtbegin.o
                [!provide]                        PROVIDE (__fini_array_end = .)
                0x0000000008000e68                . = ALIGN (0x4)
                0x0000000008000e68                _sidata = LOADADDR (.data)

.data           0x0000000020000000       0x20 load address 0x0000000008000e68
                0x0000000020000000                . = ALIGN (0x4)
                0x0000000020000000                _sdata = .
 *(.data)
 *(.data*)
 .data.Port     0x0000000020000000        0xc ./Core/Src/GPIO.o
 .data.usart2Data
                0x000000002000000c        0x9 ./Core/Src/PollDataClient.o
                0x000000002000000c                usart2Data
 *fill*         0x0000000020000015        0x3 
 .data.polling_enabled
                0x0000000020000018        0x4 ./Core/Src/poller.o
                0x0000000020000018                polling_enabled
 .data.polling_counter
                0x000000002000001c        0x4 ./Core/Src/poller.o
                0x000000002000001c                polling_counter
 *(.RamFunc)
 *(.RamFunc*)
                0x0000000020000020                . = ALIGN (0x4)
                0x0000000020000020                _edata = .

.igot.plt       0x0000000020000020        0x0 load address 0x0000000008000e88
 .igot.plt      0x0000000020000020        0x0 c:/st/stm32cubeide_1.7.0/stm32cubeide/plugins/com.st.stm32cube.ide.mcu.externaltools.gnu-tools-for-stm32.9-2020-q2-update.win32_2.0.0.202105311346/tools/bin/../lib/gcc/arm-none-eabi/9.3.1/thumb/v7e-m+fp/hard/crtbegin.o
                0x0000000020000020                . = ALIGN (0x4)

.bss            0x0000000020000020       0x30 load address 0x0000000008000e88
                0x0000000020000020                _sbss = .
                0x0000000020000020                __bss_start__ = _sbss
 *(.bss)
 .bss           0x0000000020000020       0x1c c:/st/stm32cubeide_1.7.0/stm32cubeide/plugins/com.st.stm32cube.ide.mcu.externaltools.gnu-tools-for-stm32.9-2020-q2-update.win32_2.0.0.202105311346/tools/bin/../lib/gcc/arm-none-eabi/9.3.1/thumb/v7e-m+fp/hard/crtbegin.o
 *(.bss*)
 .bss.counter   0x000000002000003c        0x4 ./Core/Src/poller.o
                0x000000002000003c                counter
 *(COMMON)
 COMMON         0x0000000020000040       0x10 ./Core/Src/PollDataClient.o
                0x0000000020000040                pwm_signal
                0x0000000020000044                measured
                0x0000000020000048                error
                0x000000002000004c                integral
                0x0000000020000050                . = ALIGN (0x4)
                0x0000000020000050                _ebss = .
                0x0000000020000050                __bss_end__ = _ebss

._user_heap_stack
                0x0000000020000050      0x600 load address 0x0000000008000e88
                0x0000000020000050                . = ALIGN (0x8)
                [!provide]                        PROVIDE (end = .)
                [!provide]                        PROVIDE (_end = .)
                0x0000000020000250                . = (. + _Min_Heap_Size)
 *fill*         0x0000000020000050      0x200 
                0x0000000020000650                . = (. + _Min_Stack_Size)
 *fill*         0x0000000020000250      0x400 
                0x0000000020000650                . = ALIGN (0x8)

/DISCARD/
 libc.a(*)
 libm.a(*)
 libgcc.a(*)

.ARM.attributes
                0x0000000000000000       0x30
 *(.ARM.attributes)
 .ARM.attributes
                0x0000000000000000       0x1e c:/st/stm32cubeide_1.7.0/stm32cubeide/plugins/com.st.stm32cube.ide.mcu.externaltools.gnu-tools-for-stm32.9-2020-q2-update.win32_2.0.0.202105311346/tools/bin/../lib/gcc/arm-none-eabi/9.3.1/thumb/v7e-m+fp/hard/crti.o
 .ARM.attributes
                0x000000000000001e       0x34 c:/st/stm32cubeide_1.7.0/stm32cubeide/plugins/com.st.stm32cube.ide.mcu.externaltools.gnu-tools-for-stm32.9-2020-q2-update.win32_2.0.0.202105311346/tools/bin/../lib/gcc/arm-none-eabi/9.3.1/thumb/v7e-m+fp/hard/crtbegin.o
 .ARM.attributes
                0x0000000000000052       0x34 ./Core/Src/GPIO.o
 .ARM.attributes
                0x0000000000000086       0x34 ./Core/Src/PWM.o
 .ARM.attributes
                0x00000000000000ba       0x34 ./Core/Src/PollDataClient.o
 .ARM.attributes
                0x00000000000000ee       0x34 ./Core/Src/PollerTimer.o
 .ARM.attributes
                0x0000000000000122       0x34 ./Core/Src/SPI.o
 .ARM.attributes
                0x0000000000000156       0x34 ./Core/Src/TC72.o
 .ARM.attributes
                0x000000000000018a       0x34 ./Core/Src/USART.o
 .ARM.attributes
                0x00000000000001be       0x34 ./Core/Src/device.o
 .ARM.attributes
                0x00000000000001f2       0x34 ./Core/Src/main.o
 .ARM.attributes
                0x0000000000000226       0x34 ./Core/Src/poller.o
 .ARM.attributes
                0x000000000000025a       0x34 ./Core/Src/system_stm32f4xx.o
 .ARM.attributes
                0x000000000000028e       0x21 ./Core/Startup/startup_stm32f401ccux.o
 .ARM.attributes
                0x00000000000002af       0x34 c:/st/stm32cubeide_1.7.0/stm32cubeide/plugins/com.st.stm32cube.ide.mcu.externaltools.gnu-tools-for-stm32.9-2020-q2-update.win32_2.0.0.202105311346/tools/bin/../lib/gcc/arm-none-eabi/9.3.1/../../../../arm-none-eabi/lib/thumb/v7e-m+fp/hard\libc_nano.a(lib_a-init.o)
 .ARM.attributes
                0x00000000000002e3       0x1e c:/st/stm32cubeide_1.7.0/stm32cubeide/plugins/com.st.stm32cube.ide.mcu.externaltools.gnu-tools-for-stm32.9-2020-q2-update.win32_2.0.0.202105311346/tools/bin/../lib/gcc/arm-none-eabi/9.3.1/thumb/v7e-m+fp/hard/crtn.o
OUTPUT(PID_task.elf elf32-littlearm)
LOAD linker stubs
LOAD c:/st/stm32cubeide_1.7.0/stm32cubeide/plugins/com.st.stm32cube.ide.mcu.externaltools.gnu-tools-for-stm32.9-2020-q2-update.win32_2.0.0.202105311346/tools/bin/../lib/gcc/arm-none-eabi/9.3.1/../../../../arm-none-eabi/lib/thumb/v7e-m+fp/hard\libc.a
LOAD c:/st/stm32cubeide_1.7.0/stm32cubeide/plugins/com.st.stm32cube.ide.mcu.externaltools.gnu-tools-for-stm32.9-2020-q2-update.win32_2.0.0.202105311346/tools/bin/../lib/gcc/arm-none-eabi/9.3.1/../../../../arm-none-eabi/lib/thumb/v7e-m+fp/hard\libm.a
LOAD c:/st/stm32cubeide_1.7.0/stm32cubeide/plugins/com.st.stm32cube.ide.mcu.externaltools.gnu-tools-for-stm32.9-2020-q2-update.win32_2.0.0.202105311346/tools/bin/../lib/gcc/arm-none-eabi/9.3.1/thumb/v7e-m+fp/hard\libgcc.a

.debug_info     0x0000000000000000     0x2050
 .debug_info    0x0000000000000000      0x16e ./Core/Src/GPIO.o
 .debug_info    0x000000000000016e      0x26b ./Core/Src/PWM.o
 .debug_info    0x00000000000003d9      0x25a ./Core/Src/PollDataClient.o
 .debug_info    0x0000000000000633      0x807 ./Core/Src/PollerTimer.o
 .debug_info    0x0000000000000e3a      0x42e ./Core/Src/SPI.o
 .debug_info    0x0000000000001268       0xc3 ./Core/Src/TC72.o
 .debug_info    0x000000000000132b      0x493 ./Core/Src/USART.o
 .debug_info    0x00000000000017be       0x83 ./Core/Src/device.o
 .debug_info    0x0000000000001841      0x193 ./Core/Src/main.o
 .debug_info    0x00000000000019d4       0xe8 ./Core/Src/poller.o
 .debug_info    0x0000000000001abc      0x572 ./Core/Src/system_stm32f4xx.o
 .debug_info    0x000000000000202e       0x22 ./Core/Startup/startup_stm32f401ccux.o

.debug_abbrev   0x0000000000000000      0xa01
 .debug_abbrev  0x0000000000000000       0xaa ./Core/Src/GPIO.o
 .debug_abbrev  0x00000000000000aa       0xeb ./Core/Src/PWM.o
 .debug_abbrev  0x0000000000000195      0x115 ./Core/Src/PollDataClient.o
 .debug_abbrev  0x00000000000002aa      0x1a2 ./Core/Src/PollerTimer.o
 .debug_abbrev  0x000000000000044c      0x10b ./Core/Src/SPI.o
 .debug_abbrev  0x0000000000000557       0x72 ./Core/Src/TC72.o
 .debug_abbrev  0x00000000000005c9      0x123 ./Core/Src/USART.o
 .debug_abbrev  0x00000000000006ec       0x6b ./Core/Src/device.o
 .debug_abbrev  0x0000000000000757       0xb2 ./Core/Src/main.o
 .debug_abbrev  0x0000000000000809       0xbd ./Core/Src/poller.o
 .debug_abbrev  0x00000000000008c6      0x129 ./Core/Src/system_stm32f4xx.o
 .debug_abbrev  0x00000000000009ef       0x12 ./Core/Startup/startup_stm32f401ccux.o

.debug_aranges  0x0000000000000000      0x238
 .debug_aranges
                0x0000000000000000       0x38 ./Core/Src/GPIO.o
 .debug_aranges
                0x0000000000000038       0x30 ./Core/Src/PWM.o
 .debug_aranges
                0x0000000000000068       0x28 ./Core/Src/PollDataClient.o
 .debug_aranges
                0x0000000000000090       0x50 ./Core/Src/PollerTimer.o
 .debug_aranges
                0x00000000000000e0       0x28 ./Core/Src/SPI.o
 .debug_aranges
                0x0000000000000108       0x30 ./Core/Src/TC72.o
 .debug_aranges
                0x0000000000000138       0x28 ./Core/Src/USART.o
 .debug_aranges
                0x0000000000000160       0x28 ./Core/Src/device.o
 .debug_aranges
                0x0000000000000188       0x28 ./Core/Src/main.o
 .debug_aranges
                0x00000000000001b0       0x38 ./Core/Src/poller.o
 .debug_aranges
                0x00000000000001e8       0x28 ./Core/Src/system_stm32f4xx.o
 .debug_aranges
                0x0000000000000210       0x28 ./Core/Startup/startup_stm32f401ccux.o

.debug_ranges   0x0000000000000000      0x180
 .debug_ranges  0x0000000000000000       0x28 ./Core/Src/GPIO.o
 .debug_ranges  0x0000000000000028       0x20 ./Core/Src/PWM.o
 .debug_ranges  0x0000000000000048       0x18 ./Core/Src/PollDataClient.o
 .debug_ranges  0x0000000000000060       0x40 ./Core/Src/PollerTimer.o
 .debug_ranges  0x00000000000000a0       0x18 ./Core/Src/SPI.o
 .debug_ranges  0x00000000000000b8       0x20 ./Core/Src/TC72.o
 .debug_ranges  0x00000000000000d8       0x18 ./Core/Src/USART.o
 .debug_ranges  0x00000000000000f0       0x18 ./Core/Src/device.o
 .debug_ranges  0x0000000000000108       0x18 ./Core/Src/main.o
 .debug_ranges  0x0000000000000120       0x28 ./Core/Src/poller.o
 .debug_ranges  0x0000000000000148       0x18 ./Core/Src/system_stm32f4xx.o
 .debug_ranges  0x0000000000000160       0x20 ./Core/Startup/startup_stm32f401ccux.o

.debug_macro    0x0000000000000000     0xe1b0
 .debug_macro   0x0000000000000000       0x29 ./Core/Src/GPIO.o
 .debug_macro   0x0000000000000029      0xaa8 ./Core/Src/GPIO.o
 .debug_macro   0x0000000000000ad1       0x34 ./Core/Src/GPIO.o
 .debug_macro   0x0000000000000b05       0xac ./Core/Src/GPIO.o
 .debug_macro   0x0000000000000bb1       0x20 ./Core/Src/PWM.o
 .debug_macro   0x0000000000000bd1       0x6a ./Core/Src/PWM.o
 .debug_macro   0x0000000000000c3b       0x52 ./Core/Src/PollDataClient.o
 .debug_macro   0x0000000000000c8d       0xe2 ./Core/Src/PollerTimer.o
 .debug_macro   0x0000000000000d6f       0x2e ./Core/Src/PollerTimer.o
 .debug_macro   0x0000000000000d9d       0x28 ./Core/Src/PollerTimer.o
 .debug_macro   0x0000000000000dc5       0x22 ./Core/Src/PollerTimer.o
 .debug_macro   0x0000000000000de7       0x8e ./Core/Src/PollerTimer.o
 .debug_macro   0x0000000000000e75       0x51 ./Core/Src/PollerTimer.o
 .debug_macro   0x0000000000000ec6      0x103 ./Core/Src/PollerTimer.o
 .debug_macro   0x0000000000000fc9       0x6a ./Core/Src/PollerTimer.o
 .debug_macro   0x0000000000001033      0x1df ./Core/Src/PollerTimer.o
 .debug_macro   0x0000000000001212       0x1c ./Core/Src/PollerTimer.o
 .debug_macro   0x000000000000122e       0x22 ./Core/Src/PollerTimer.o
 .debug_macro   0x0000000000001250       0xdf ./Core/Src/PollerTimer.o
 .debug_macro   0x000000000000132f     0x102d ./Core/Src/PollerTimer.o
 .debug_macro   0x000000000000235c      0x11f ./Core/Src/PollerTimer.o
 .debug_macro   0x000000000000247b     0xb86c ./Core/Src/PollerTimer.o
 .debug_macro   0x000000000000dce7       0x6d ./Core/Src/PollerTimer.o
 .debug_macro   0x000000000000dd54       0xf5 ./Core/Src/SPI.o
 .debug_macro   0x000000000000de49       0x2e ./Core/Src/SPI.o
 .debug_macro   0x000000000000de77       0x2e ./Core/Src/SPI.o
 .debug_macro   0x000000000000dea5       0x24 ./Core/Src/TC72.o
 .debug_macro   0x000000000000dec9       0xd7 ./Core/Src/USART.o
 .debug_macro   0x000000000000dfa0       0x55 ./Core/Src/device.o
 .debug_macro   0x000000000000dff5       0x10 ./Core/Src/device.o
 .debug_macro   0x000000000000e005       0x72 ./Core/Src/main.o
 .debug_macro   0x000000000000e077       0x5f ./Core/Src/poller.o
 .debug_macro   0x000000000000e0d6       0xda ./Core/Src/system_stm32f4xx.o

.debug_line     0x0000000000000000     0x1bb9
 .debug_line    0x0000000000000000      0x172 ./Core/Src/GPIO.o
 .debug_line    0x0000000000000172      0x10a ./Core/Src/PWM.o
 .debug_line    0x000000000000027c      0x13d ./Core/Src/PollDataClient.o
 .debug_line    0x00000000000003b9      0x571 ./Core/Src/PollerTimer.o
 .debug_line    0x000000000000092a      0x4e2 ./Core/Src/SPI.o
 .debug_line    0x0000000000000e0c       0x9c ./Core/Src/TC72.o
 .debug_line    0x0000000000000ea8      0x4cc ./Core/Src/USART.o
 .debug_line    0x0000000000001374       0xdc ./Core/Src/device.o
 .debug_line    0x0000000000001450       0xda ./Core/Src/main.o
 .debug_line    0x000000000000152a      0x115 ./Core/Src/poller.o
 .debug_line    0x000000000000163f      0x4f2 ./Core/Src/system_stm32f4xx.o
 .debug_line    0x0000000000001b31       0x88 ./Core/Startup/startup_stm32f401ccux.o

.debug_str      0x0000000000000000    0x5062b
 .debug_str     0x0000000000000000     0x3261 ./Core/Src/GPIO.o
                                       0x3286 (size before relaxing)
 .debug_str     0x0000000000003261      0x259 ./Core/Src/PWM.o
                                       0x3024 (size before relaxing)
 .debug_str     0x00000000000034ba       0xee ./Core/Src/PollDataClient.o
                                       0x3099 (size before relaxing)
 .debug_str     0x00000000000035a8    0x4cb29 ./Core/Src/PollerTimer.o
                                      0x4fa9d (size before relaxing)
 .debug_str     0x00000000000500d1      0x252 ./Core/Src/SPI.o
                                      0x4f55c (size before relaxing)
 .debug_str     0x0000000000050323       0x59 ./Core/Src/TC72.o
                                       0x2e60 (size before relaxing)
 .debug_str     0x000000000005037c       0x43 ./Core/Src/USART.o
                                      0x4f37f (size before relaxing)
 .debug_str     0x00000000000503bf       0x9d ./Core/Src/device.o
                                       0x330f (size before relaxing)
 .debug_str     0x000000000005045c       0x3d ./Core/Src/main.o
                                       0x351d (size before relaxing)
 .debug_str     0x0000000000050499       0x6f ./Core/Src/poller.o
                                       0x335f (size before relaxing)
 .debug_str     0x0000000000050508       0xed ./Core/Src/system_stm32f4xx.o
                                      0x4f6c3 (size before relaxing)
 .debug_str     0x00000000000505f5       0x36 ./Core/Startup/startup_stm32f401ccux.o
                                         0x5b (size before relaxing)

.comment        0x0000000000000000       0x53
 .comment       0x0000000000000000       0x53 ./Core/Src/GPIO.o
                                         0x54 (size before relaxing)
 .comment       0x0000000000000053       0x54 ./Core/Src/PWM.o
 .comment       0x0000000000000053       0x54 ./Core/Src/PollDataClient.o
 .comment       0x0000000000000053       0x54 ./Core/Src/PollerTimer.o
 .comment       0x0000000000000053       0x54 ./Core/Src/SPI.o
 .comment       0x0000000000000053       0x54 ./Core/Src/TC72.o
 .comment       0x0000000000000053       0x54 ./Core/Src/USART.o
 .comment       0x0000000000000053       0x54 ./Core/Src/device.o
 .comment       0x0000000000000053       0x54 ./Core/Src/main.o
 .comment       0x0000000000000053       0x54 ./Core/Src/poller.o
 .comment       0x0000000000000053       0x54 ./Core/Src/system_stm32f4xx.o

.debug_frame    0x0000000000000000      0x570
 .debug_frame   0x0000000000000000       0xb4 ./Core/Src/GPIO.o
 .debug_frame   0x00000000000000b4       0x88 ./Core/Src/PWM.o
 .debug_frame   0x000000000000013c       0x5c ./Core/Src/PollDataClient.o
 .debug_frame   0x0000000000000198       0xf4 ./Core/Src/PollerTimer.o
 .debug_frame   0x000000000000028c       0x5c ./Core/Src/SPI.o
 .debug_frame   0x00000000000002e8       0x7c ./Core/Src/TC72.o
 .debug_frame   0x0000000000000364       0x54 ./Core/Src/USART.o
 .debug_frame   0x00000000000003b8       0x50 ./Core/Src/device.o
 .debug_frame   0x0000000000000408       0x48 ./Core/Src/main.o
 .debug_frame   0x0000000000000450       0x9c ./Core/Src/poller.o
 .debug_frame   0x00000000000004ec       0x58 ./Core/Src/system_stm32f4xx.o
 .debug_frame   0x0000000000000544       0x2c c:/st/stm32cubeide_1.7.0/stm32cubeide/plugins/com.st.stm32cube.ide.mcu.externaltools.gnu-tools-for-stm32.9-2020-q2-update.win32_2.0.0.202105311346/tools/bin/../lib/gcc/arm-none-eabi/9.3.1/../../../../arm-none-eabi/lib/thumb/v7e-m+fp/hard\libc_nano.a(lib_a-init.o)
