Archive member included to satisfy reference by file (symbol)

c:/st/stm32cubeide_1.7.0/stm32cubeide/plugins/com.st.stm32cube.ide.mcu.externaltools.gnu-tools-for-stm32.9-2020-q2-update.win32_2.0.0.202105311346/tools/bin/../lib/gcc/arm-none-eabi/9.3.1/../../../../arm-none-eabi/lib/thumb/v7e-m+fp/hard\libc_nano.a(lib_a-exit.o)
                              c:/st/stm32cubeide_1.7.0/stm32cubeide/plugins/com.st.stm32cube.ide.mcu.externaltools.gnu-tools-for-stm32.9-2020-q2-update.win32_2.0.0.202105311346/tools/bin/../lib/gcc/arm-none-eabi/9.3.1/../../../../arm-none-eabi/lib/thumb/v7e-m+fp/hard/crt0.o (exit)
c:/st/stm32cubeide_1.7.0/stm32cubeide/plugins/com.st.stm32cube.ide.mcu.externaltools.gnu-tools-for-stm32.9-2020-q2-update.win32_2.0.0.202105311346/tools/bin/../lib/gcc/arm-none-eabi/9.3.1/../../../../arm-none-eabi/lib/thumb/v7e-m+fp/hard\libc_nano.a(lib_a-impure.o)
                              c:/st/stm32cubeide_1.7.0/stm32cubeide/plugins/com.st.stm32cube.ide.mcu.externaltools.gnu-tools-for-stm32.9-2020-q2-update.win32_2.0.0.202105311346/tools/bin/../lib/gcc/arm-none-eabi/9.3.1/../../../../arm-none-eabi/lib/thumb/v7e-m+fp/hard\libc_nano.a(lib_a-exit.o) (_global_impure_ptr)
c:/st/stm32cubeide_1.7.0/stm32cubeide/plugins/com.st.stm32cube.ide.mcu.externaltools.gnu-tools-for-stm32.9-2020-q2-update.win32_2.0.0.202105311346/tools/bin/../lib/gcc/arm-none-eabi/9.3.1/../../../../arm-none-eabi/lib/thumb/v7e-m+fp/hard\libc_nano.a(lib_a-init.o)
                              c:/st/stm32cubeide_1.7.0/stm32cubeide/plugins/com.st.stm32cube.ide.mcu.externaltools.gnu-tools-for-stm32.9-2020-q2-update.win32_2.0.0.202105311346/tools/bin/../lib/gcc/arm-none-eabi/9.3.1/../../../../arm-none-eabi/lib/thumb/v7e-m+fp/hard/crt0.o (__libc_init_array)
c:/st/stm32cubeide_1.7.0/stm32cubeide/plugins/com.st.stm32cube.ide.mcu.externaltools.gnu-tools-for-stm32.9-2020-q2-update.win32_2.0.0.202105311346/tools/bin/../lib/gcc/arm-none-eabi/9.3.1/../../../../arm-none-eabi/lib/thumb/v7e-m+fp/hard\libc_nano.a(lib_a-memset.o)
                              c:/st/stm32cubeide_1.7.0/stm32cubeide/plugins/com.st.stm32cube.ide.mcu.externaltools.gnu-tools-for-stm32.9-2020-q2-update.win32_2.0.0.202105311346/tools/bin/../lib/gcc/arm-none-eabi/9.3.1/../../../../arm-none-eabi/lib/thumb/v7e-m+fp/hard/crt0.o (memset)
c:/st/stm32cubeide_1.7.0/stm32cubeide/plugins/com.st.stm32cube.ide.mcu.externaltools.gnu-tools-for-stm32.9-2020-q2-update.win32_2.0.0.202105311346/tools/bin/../lib/gcc/arm-none-eabi/9.3.1/../../../../arm-none-eabi/lib/thumb/v7e-m+fp/hard\libnosys.a(_exit.o)
                              c:/st/stm32cubeide_1.7.0/stm32cubeide/plugins/com.st.stm32cube.ide.mcu.externaltools.gnu-tools-for-stm32.9-2020-q2-update.win32_2.0.0.202105311346/tools/bin/../lib/gcc/arm-none-eabi/9.3.1/../../../../arm-none-eabi/lib/thumb/v7e-m+fp/hard\libc_nano.a(lib_a-exit.o) (_exit)

Discarded input sections

 .text          0x0000000000000000        0x0 c:/st/stm32cubeide_1.7.0/stm32cubeide/plugins/com.st.stm32cube.ide.mcu.externaltools.gnu-tools-for-stm32.9-2020-q2-update.win32_2.0.0.202105311346/tools/bin/../lib/gcc/arm-none-eabi/9.3.1/thumb/v7e-m+fp/hard/crti.o
 .data          0x0000000000000000        0x0 c:/st/stm32cubeide_1.7.0/stm32cubeide/plugins/com.st.stm32cube.ide.mcu.externaltools.gnu-tools-for-stm32.9-2020-q2-update.win32_2.0.0.202105311346/tools/bin/../lib/gcc/arm-none-eabi/9.3.1/thumb/v7e-m+fp/hard/crti.o
 .bss           0x0000000000000000        0x0 c:/st/stm32cubeide_1.7.0/stm32cubeide/plugins/com.st.stm32cube.ide.mcu.externaltools.gnu-tools-for-stm32.9-2020-q2-update.win32_2.0.0.202105311346/tools/bin/../lib/gcc/arm-none-eabi/9.3.1/thumb/v7e-m+fp/hard/crti.o
 .data          0x0000000000000000        0x4 c:/st/stm32cubeide_1.7.0/stm32cubeide/plugins/com.st.stm32cube.ide.mcu.externaltools.gnu-tools-for-stm32.9-2020-q2-update.win32_2.0.0.202105311346/tools/bin/../lib/gcc/arm-none-eabi/9.3.1/thumb/v7e-m+fp/hard/crtbegin.o
 .text          0x0000000000000000       0x7c c:/st/stm32cubeide_1.7.0/stm32cubeide/plugins/com.st.stm32cube.ide.mcu.externaltools.gnu-tools-for-stm32.9-2020-q2-update.win32_2.0.0.202105311346/tools/bin/../lib/gcc/arm-none-eabi/9.3.1/../../../../arm-none-eabi/lib/thumb/v7e-m+fp/hard/crt0.o
 .data          0x0000000000000000        0x0 c:/st/stm32cubeide_1.7.0/stm32cubeide/plugins/com.st.stm32cube.ide.mcu.externaltools.gnu-tools-for-stm32.9-2020-q2-update.win32_2.0.0.202105311346/tools/bin/../lib/gcc/arm-none-eabi/9.3.1/../../../../arm-none-eabi/lib/thumb/v7e-m+fp/hard/crt0.o
 .bss           0x0000000000000000        0x0 c:/st/stm32cubeide_1.7.0/stm32cubeide/plugins/com.st.stm32cube.ide.mcu.externaltools.gnu-tools-for-stm32.9-2020-q2-update.win32_2.0.0.202105311346/tools/bin/../lib/gcc/arm-none-eabi/9.3.1/../../../../arm-none-eabi/lib/thumb/v7e-m+fp/hard/crt0.o
 .ARM.extab     0x0000000000000000        0x0 c:/st/stm32cubeide_1.7.0/stm32cubeide/plugins/com.st.stm32cube.ide.mcu.externaltools.gnu-tools-for-stm32.9-2020-q2-update.win32_2.0.0.202105311346/tools/bin/../lib/gcc/arm-none-eabi/9.3.1/../../../../arm-none-eabi/lib/thumb/v7e-m+fp/hard/crt0.o
 .ARM.exidx     0x0000000000000000       0x10 c:/st/stm32cubeide_1.7.0/stm32cubeide/plugins/com.st.stm32cube.ide.mcu.externaltools.gnu-tools-for-stm32.9-2020-q2-update.win32_2.0.0.202105311346/tools/bin/../lib/gcc/arm-none-eabi/9.3.1/../../../../arm-none-eabi/lib/thumb/v7e-m+fp/hard/crt0.o
 .ARM.attributes
                0x0000000000000000       0x1c c:/st/stm32cubeide_1.7.0/stm32cubeide/plugins/com.st.stm32cube.ide.mcu.externaltools.gnu-tools-for-stm32.9-2020-q2-update.win32_2.0.0.202105311346/tools/bin/../lib/gcc/arm-none-eabi/9.3.1/../../../../arm-none-eabi/lib/thumb/v7e-m+fp/hard/crt0.o
 .group         0x0000000000000000        0xc ./Core/Src/GPIO.o
 .group         0x0000000000000000        0xc ./Core/Src/GPIO.o
 .group         0x0000000000000000        0xc ./Core/Src/GPIO.o
 .text          0x0000000000000000        0x0 ./Core/Src/GPIO.o
 .data          0x0000000000000000        0x0 ./Core/Src/GPIO.o
 .bss           0x0000000000000000        0x0 ./Core/Src/GPIO.o
 .text.GPIO_WritePin
                0x0000000000000000       0xa4 ./Core/Src/GPIO.o
 .text.GPIO_ReadPin
                0x0000000000000000       0x44 ./Core/Src/GPIO.o
 .group         0x0000000000000000        0xc ./Core/Src/I2C.o
 .group         0x0000000000000000        0xc ./Core/Src/I2C.o
 .group         0x0000000000000000        0xc ./Core/Src/I2C.o
 .group         0x0000000000000000        0xc ./Core/Src/I2C.o
 .group         0x0000000000000000        0xc ./Core/Src/I2C.o
 .group         0x0000000000000000        0xc ./Core/Src/I2C.o
 .group         0x0000000000000000        0xc ./Core/Src/I2C.o
 .group         0x0000000000000000        0xc ./Core/Src/I2C.o
 .group         0x0000000000000000        0xc ./Core/Src/I2C.o
 .group         0x0000000000000000        0xc ./Core/Src/I2C.o
 .group         0x0000000000000000        0xc ./Core/Src/I2C.o
 .group         0x0000000000000000        0xc ./Core/Src/I2C.o
 .group         0x0000000000000000        0xc ./Core/Src/I2C.o
 .group         0x0000000000000000        0xc ./Core/Src/I2C.o
 .group         0x0000000000000000        0xc ./Core/Src/I2C.o
 .group         0x0000000000000000        0xc ./Core/Src/I2C.o
 .group         0x0000000000000000        0xc ./Core/Src/I2C.o
 .text          0x0000000000000000        0x0 ./Core/Src/I2C.o
 .data          0x0000000000000000        0x0 ./Core/Src/I2C.o
 .bss           0x0000000000000000        0x0 ./Core/Src/I2C.o
 .data.PortAddresses
                0x0000000000000000        0x8 ./Core/Src/I2C.o
 .text.I2C1_Init
                0x0000000000000000       0x94 ./Core/Src/I2C.o
 .text.I2C1_MasterTx
                0x0000000000000000       0xc4 ./Core/Src/I2C.o
 .text.I2C1_MasterRx
                0x0000000000000000       0xd0 ./Core/Src/I2C.o
 .debug_info    0x0000000000000000      0x547 ./Core/Src/I2C.o
 .debug_abbrev  0x0000000000000000      0x150 ./Core/Src/I2C.o
 .debug_aranges
                0x0000000000000000       0x30 ./Core/Src/I2C.o
 .debug_ranges  0x0000000000000000       0x20 ./Core/Src/I2C.o
 .debug_macro   0x0000000000000000      0x10e ./Core/Src/I2C.o
 .debug_macro   0x0000000000000000      0xaa8 ./Core/Src/I2C.o
 .debug_macro   0x0000000000000000       0xe2 ./Core/Src/I2C.o
 .debug_macro   0x0000000000000000       0x28 ./Core/Src/I2C.o
 .debug_macro   0x0000000000000000       0x22 ./Core/Src/I2C.o
 .debug_macro   0x0000000000000000       0x8e ./Core/Src/I2C.o
 .debug_macro   0x0000000000000000       0x51 ./Core/Src/I2C.o
 .debug_macro   0x0000000000000000      0x103 ./Core/Src/I2C.o
 .debug_macro   0x0000000000000000       0x6a ./Core/Src/I2C.o
 .debug_macro   0x0000000000000000      0x1df ./Core/Src/I2C.o
 .debug_macro   0x0000000000000000       0x1c ./Core/Src/I2C.o
 .debug_macro   0x0000000000000000       0x22 ./Core/Src/I2C.o
 .debug_macro   0x0000000000000000       0xdf ./Core/Src/I2C.o
 .debug_macro   0x0000000000000000     0x102d ./Core/Src/I2C.o
 .debug_macro   0x0000000000000000      0x11f ./Core/Src/I2C.o
 .debug_macro   0x0000000000000000     0xb86c ./Core/Src/I2C.o
 .debug_macro   0x0000000000000000       0x34 ./Core/Src/I2C.o
 .debug_macro   0x0000000000000000       0x1c ./Core/Src/I2C.o
 .debug_line    0x0000000000000000      0x610 ./Core/Src/I2C.o
 .debug_str     0x0000000000000000    0x4f691 ./Core/Src/I2C.o
 .comment       0x0000000000000000       0x54 ./Core/Src/I2C.o
 .debug_frame   0x0000000000000000       0x78 ./Core/Src/I2C.o
 .ARM.attributes
                0x0000000000000000       0x34 ./Core/Src/I2C.o
 .group         0x0000000000000000        0xc ./Core/Src/PWM.o
 .group         0x0000000000000000        0xc ./Core/Src/PWM.o
 .group         0x0000000000000000        0xc ./Core/Src/PWM.o
 .group         0x0000000000000000        0xc ./Core/Src/PWM.o
 .text          0x0000000000000000        0x0 ./Core/Src/PWM.o
 .data          0x0000000000000000        0x0 ./Core/Src/PWM.o
 .bss           0x0000000000000000        0x0 ./Core/Src/PWM.o
 .text.PWM_ChangeDutycycle
                0x0000000000000000       0x62 ./Core/Src/PWM.o
 .text.Pwm_EnableInterrupt
                0x0000000000000000       0x20 ./Core/Src/PWM.o
 .text.Pwm_DisableInterrupt
                0x0000000000000000       0x20 ./Core/Src/PWM.o
 .text.PWM_ClearInterruptFlag
                0x0000000000000000       0x20 ./Core/Src/PWM.o
 .text.PWM_GetStatus
                0x0000000000000000       0x20 ./Core/Src/PWM.o
 .debug_macro   0x0000000000000000      0xaa8 ./Core/Src/PWM.o
 .group         0x0000000000000000        0xc ./Core/Src/SPI.o
 .group         0x0000000000000000        0xc ./Core/Src/SPI.o
 .group         0x0000000000000000        0xc ./Core/Src/SPI.o
 .group         0x0000000000000000        0xc ./Core/Src/SPI.o
 .group         0x0000000000000000        0xc ./Core/Src/SPI.o
 .group         0x0000000000000000        0xc ./Core/Src/SPI.o
 .group         0x0000000000000000        0xc ./Core/Src/SPI.o
 .group         0x0000000000000000        0xc ./Core/Src/SPI.o
 .group         0x0000000000000000        0xc ./Core/Src/SPI.o
 .group         0x0000000000000000        0xc ./Core/Src/SPI.o
 .group         0x0000000000000000        0xc ./Core/Src/SPI.o
 .group         0x0000000000000000        0xc ./Core/Src/SPI.o
 .group         0x0000000000000000        0xc ./Core/Src/SPI.o
 .group         0x0000000000000000        0xc ./Core/Src/SPI.o
 .group         0x0000000000000000        0xc ./Core/Src/SPI.o
 .group         0x0000000000000000        0xc ./Core/Src/SPI.o
 .group         0x0000000000000000        0xc ./Core/Src/SPI.o
 .group         0x0000000000000000        0xc ./Core/Src/SPI.o
 .text          0x0000000000000000        0x0 ./Core/Src/SPI.o
 .data          0x0000000000000000        0x0 ./Core/Src/SPI.o
 .bss           0x0000000000000000        0x0 ./Core/Src/SPI.o
 .data.PortAddresses
                0x0000000000000000        0x8 ./Core/Src/SPI.o
 .text.SPI1_Init
                0x0000000000000000       0xec ./Core/Src/SPI.o
 .text.SPI1_TransmitRecieveByte
                0x0000000000000000       0x48 ./Core/Src/SPI.o
 .debug_info    0x0000000000000000      0x450 ./Core/Src/SPI.o
 .debug_abbrev  0x0000000000000000      0x11e ./Core/Src/SPI.o
 .debug_aranges
                0x0000000000000000       0x28 ./Core/Src/SPI.o
 .debug_ranges  0x0000000000000000       0x18 ./Core/Src/SPI.o
 .debug_macro   0x0000000000000000       0xf5 ./Core/Src/SPI.o
 .debug_macro   0x0000000000000000      0xaa8 ./Core/Src/SPI.o
 .debug_macro   0x0000000000000000       0x2e ./Core/Src/SPI.o
 .debug_macro   0x0000000000000000       0xe2 ./Core/Src/SPI.o
 .debug_macro   0x0000000000000000       0x1c ./Core/Src/SPI.o
 .debug_macro   0x0000000000000000       0x22 ./Core/Src/SPI.o
 .debug_macro   0x0000000000000000       0x28 ./Core/Src/SPI.o
 .debug_macro   0x0000000000000000       0x22 ./Core/Src/SPI.o
 .debug_macro   0x0000000000000000       0x8e ./Core/Src/SPI.o
 .debug_macro   0x0000000000000000       0x51 ./Core/Src/SPI.o
 .debug_macro   0x0000000000000000      0x103 ./Core/Src/SPI.o
 .debug_macro   0x0000000000000000       0x6a ./Core/Src/SPI.o
 .debug_macro   0x0000000000000000      0x1df ./Core/Src/SPI.o
 .debug_macro   0x0000000000000000       0x1c ./Core/Src/SPI.o
 .debug_macro   0x0000000000000000       0x22 ./Core/Src/SPI.o
 .debug_macro   0x0000000000000000       0xdf ./Core/Src/SPI.o
 .debug_macro   0x0000000000000000     0x102d ./Core/Src/SPI.o
 .debug_macro   0x0000000000000000      0x11f ./Core/Src/SPI.o
 .debug_macro   0x0000000000000000     0xb86c ./Core/Src/SPI.o
 .debug_line    0x0000000000000000      0x4e3 ./Core/Src/SPI.o
 .debug_str     0x0000000000000000    0x4f60e ./Core/Src/SPI.o
 .comment       0x0000000000000000       0x54 ./Core/Src/SPI.o
 .debug_frame   0x0000000000000000       0x5c ./Core/Src/SPI.o
 .ARM.attributes
                0x0000000000000000       0x34 ./Core/Src/SPI.o
 .group         0x0000000000000000        0xc ./Core/Src/USART.o
 .group         0x0000000000000000        0xc ./Core/Src/USART.o
 .group         0x0000000000000000        0xc ./Core/Src/USART.o
 .group         0x0000000000000000        0xc ./Core/Src/USART.o
 .group         0x0000000000000000        0xc ./Core/Src/USART.o
 .group         0x0000000000000000        0xc ./Core/Src/USART.o
 .group         0x0000000000000000        0xc ./Core/Src/USART.o
 .group         0x0000000000000000        0xc ./Core/Src/USART.o
 .group         0x0000000000000000        0xc ./Core/Src/USART.o
 .group         0x0000000000000000        0xc ./Core/Src/USART.o
 .group         0x0000000000000000        0xc ./Core/Src/USART.o
 .group         0x0000000000000000        0xc ./Core/Src/USART.o
 .group         0x0000000000000000        0xc ./Core/Src/USART.o
 .group         0x0000000000000000        0xc ./Core/Src/USART.o
 .group         0x0000000000000000        0xc ./Core/Src/USART.o
 .text          0x0000000000000000        0x0 ./Core/Src/USART.o
 .data          0x0000000000000000        0x0 ./Core/Src/USART.o
 .bss           0x0000000000000000        0x0 ./Core/Src/USART.o
 .data.PortAddresses
                0x0000000000000000        0x8 ./Core/Src/USART.o
 .text.USART2_Init
                0x0000000000000000       0x90 ./Core/Src/USART.o
 .text.USART2_Transmit
                0x0000000000000000       0x64 ./Core/Src/USART.o
 .debug_info    0x0000000000000000      0x4b5 ./Core/Src/USART.o
 .debug_abbrev  0x0000000000000000      0x136 ./Core/Src/USART.o
 .debug_aranges
                0x0000000000000000       0x28 ./Core/Src/USART.o
 .debug_ranges  0x0000000000000000       0x18 ./Core/Src/USART.o
 .debug_macro   0x0000000000000000       0xc8 ./Core/Src/USART.o
 .debug_macro   0x0000000000000000      0xaa8 ./Core/Src/USART.o
 .debug_macro   0x0000000000000000       0xe2 ./Core/Src/USART.o
 .debug_macro   0x0000000000000000       0x28 ./Core/Src/USART.o
 .debug_macro   0x0000000000000000       0x22 ./Core/Src/USART.o
 .debug_macro   0x0000000000000000       0x8e ./Core/Src/USART.o
 .debug_macro   0x0000000000000000       0x51 ./Core/Src/USART.o
 .debug_macro   0x0000000000000000      0x103 ./Core/Src/USART.o
 .debug_macro   0x0000000000000000       0x6a ./Core/Src/USART.o
 .debug_macro   0x0000000000000000      0x1df ./Core/Src/USART.o
 .debug_macro   0x0000000000000000       0x1c ./Core/Src/USART.o
 .debug_macro   0x0000000000000000       0x22 ./Core/Src/USART.o
 .debug_macro   0x0000000000000000       0xdf ./Core/Src/USART.o
 .debug_macro   0x0000000000000000     0x102d ./Core/Src/USART.o
 .debug_macro   0x0000000000000000      0x11f ./Core/Src/USART.o
 .debug_macro   0x0000000000000000     0xb86c ./Core/Src/USART.o
 .debug_line    0x0000000000000000      0x4c3 ./Core/Src/USART.o
 .debug_str     0x0000000000000000    0x4f3de ./Core/Src/USART.o
 .comment       0x0000000000000000       0x54 ./Core/Src/USART.o
 .debug_frame   0x0000000000000000       0x54 ./Core/Src/USART.o
 .ARM.attributes
                0x0000000000000000       0x34 ./Core/Src/USART.o
 .group         0x0000000000000000        0xc ./Core/Src/Util.o
 .group         0x0000000000000000        0xc ./Core/Src/Util.o
 .text          0x0000000000000000        0x0 ./Core/Src/Util.o
 .data          0x0000000000000000        0x0 ./Core/Src/Util.o
 .bss           0x0000000000000000        0x0 ./Core/Src/Util.o
 .text.delay_ms
                0x0000000000000000       0x3a ./Core/Src/Util.o
 .debug_info    0x0000000000000000       0x6a ./Core/Src/Util.o
 .debug_abbrev  0x0000000000000000       0x60 ./Core/Src/Util.o
 .debug_aranges
                0x0000000000000000       0x20 ./Core/Src/Util.o
 .debug_ranges  0x0000000000000000       0x10 ./Core/Src/Util.o
 .debug_macro   0x0000000000000000       0x1a ./Core/Src/Util.o
 .debug_macro   0x0000000000000000      0xaa8 ./Core/Src/Util.o
 .debug_macro   0x0000000000000000       0x1c ./Core/Src/Util.o
 .debug_line    0x0000000000000000       0x78 ./Core/Src/Util.o
 .debug_str     0x0000000000000000     0x2e5a ./Core/Src/Util.o
 .comment       0x0000000000000000       0x54 ./Core/Src/Util.o
 .debug_frame   0x0000000000000000       0x38 ./Core/Src/Util.o
 .ARM.attributes
                0x0000000000000000       0x34 ./Core/Src/Util.o
 .group         0x0000000000000000        0xc ./Core/Src/main.o
 .group         0x0000000000000000        0xc ./Core/Src/main.o
 .group         0x0000000000000000        0xc ./Core/Src/main.o
 .group         0x0000000000000000        0xc ./Core/Src/main.o
 .group         0x0000000000000000        0xc ./Core/Src/main.o
 .group         0x0000000000000000        0xc ./Core/Src/main.o
 .group         0x0000000000000000        0xc ./Core/Src/main.o
 .text          0x0000000000000000        0x0 ./Core/Src/main.o
 .data          0x0000000000000000        0x0 ./Core/Src/main.o
 .bss           0x0000000000000000        0x0 ./Core/Src/main.o
 .data.PortAddresses
                0x0000000000000000        0x8 ./Core/Src/main.o
 .text.floatToStr
                0x0000000000000000      0x13c ./Core/Src/main.o
 .debug_macro   0x0000000000000000      0xaa8 ./Core/Src/main.o
 .debug_macro   0x0000000000000000       0xe2 ./Core/Src/main.o
 .debug_macro   0x0000000000000000       0x2e ./Core/Src/main.o
 .debug_macro   0x0000000000000000       0x1c ./Core/Src/main.o
 .debug_macro   0x0000000000000000       0x94 ./Core/Src/main.o
 .debug_macro   0x0000000000000000       0x40 ./Core/Src/main.o
 .debug_macro   0x0000000000000000       0x6a ./Core/Src/main.o
 .group         0x0000000000000000        0xc ./Core/Src/system_stm32f4xx.o
 .group         0x0000000000000000        0xc ./Core/Src/system_stm32f4xx.o
 .group         0x0000000000000000        0xc ./Core/Src/system_stm32f4xx.o
 .group         0x0000000000000000        0xc ./Core/Src/system_stm32f4xx.o
 .group         0x0000000000000000        0xc ./Core/Src/system_stm32f4xx.o
 .group         0x0000000000000000        0xc ./Core/Src/system_stm32f4xx.o
 .group         0x0000000000000000        0xc ./Core/Src/system_stm32f4xx.o
 .group         0x0000000000000000        0xc ./Core/Src/system_stm32f4xx.o
 .group         0x0000000000000000        0xc ./Core/Src/system_stm32f4xx.o
 .group         0x0000000000000000        0xc ./Core/Src/system_stm32f4xx.o
 .group         0x0000000000000000        0xc ./Core/Src/system_stm32f4xx.o
 .group         0x0000000000000000        0xc ./Core/Src/system_stm32f4xx.o
 .group         0x0000000000000000        0xc ./Core/Src/system_stm32f4xx.o
 .group         0x0000000000000000        0xc ./Core/Src/system_stm32f4xx.o
 .group         0x0000000000000000        0xc ./Core/Src/system_stm32f4xx.o
 .group         0x0000000000000000        0xc ./Core/Src/system_stm32f4xx.o
 .text          0x0000000000000000        0x0 ./Core/Src/system_stm32f4xx.o
 .data          0x0000000000000000        0x0 ./Core/Src/system_stm32f4xx.o
 .bss           0x0000000000000000        0x0 ./Core/Src/system_stm32f4xx.o
 .data.SystemCoreClock
                0x0000000000000000        0x4 ./Core/Src/system_stm32f4xx.o
 .rodata.AHBPrescTable
                0x0000000000000000       0x10 ./Core/Src/system_stm32f4xx.o
 .rodata.APBPrescTable
                0x0000000000000000        0x8 ./Core/Src/system_stm32f4xx.o
 .text.SystemCoreClockUpdate
                0x0000000000000000      0x100 ./Core/Src/system_stm32f4xx.o
 .debug_macro   0x0000000000000000      0xaa8 ./Core/Src/system_stm32f4xx.o
 .debug_macro   0x0000000000000000       0x28 ./Core/Src/system_stm32f4xx.o
 .debug_macro   0x0000000000000000       0x22 ./Core/Src/system_stm32f4xx.o
 .debug_macro   0x0000000000000000       0x8e ./Core/Src/system_stm32f4xx.o
 .debug_macro   0x0000000000000000       0x51 ./Core/Src/system_stm32f4xx.o
 .debug_macro   0x0000000000000000      0x103 ./Core/Src/system_stm32f4xx.o
 .debug_macro   0x0000000000000000       0x6a ./Core/Src/system_stm32f4xx.o
 .debug_macro   0x0000000000000000      0x1df ./Core/Src/system_stm32f4xx.o
 .debug_macro   0x0000000000000000       0x1c ./Core/Src/system_stm32f4xx.o
 .debug_macro   0x0000000000000000       0x22 ./Core/Src/system_stm32f4xx.o
 .debug_macro   0x0000000000000000       0xdf ./Core/Src/system_stm32f4xx.o
 .debug_macro   0x0000000000000000     0x102d ./Core/Src/system_stm32f4xx.o
 .debug_macro   0x0000000000000000      0x11f ./Core/Src/system_stm32f4xx.o
 .debug_macro   0x0000000000000000     0xb86c ./Core/Src/system_stm32f4xx.o
 .text          0x0000000000000000       0x14 ./Core/Startup/startup_stm32f401ccux.o
 .data          0x0000000000000000        0x0 ./Core/Startup/startup_stm32f401ccux.o
 .bss           0x0000000000000000        0x0 ./Core/Startup/startup_stm32f401ccux.o
 .group         0x0000000000000000        0xc ./test/test.o
 .text          0x0000000000000000        0x0 ./test/test.o
 .data          0x0000000000000000        0x0 ./test/test.o
 .bss           0x0000000000000000        0x0 ./test/test.o
 .debug_info    0x0000000000000000       0x21 ./test/test.o
 .debug_abbrev  0x0000000000000000       0x13 ./test/test.o
 .debug_aranges
                0x0000000000000000       0x18 ./test/test.o
 .debug_macro   0x0000000000000000       0x11 ./test/test.o
 .debug_macro   0x0000000000000000      0xaa8 ./test/test.o
 .debug_line    0x0000000000000000       0x2f ./test/test.o
 .debug_str     0x0000000000000000     0x2d9a ./test/test.o
 .comment       0x0000000000000000       0x54 ./test/test.o
 .ARM.attributes
                0x0000000000000000       0x39 ./test/test.o
 .text          0x0000000000000000        0x0 c:/st/stm32cubeide_1.7.0/stm32cubeide/plugins/com.st.stm32cube.ide.mcu.externaltools.gnu-tools-for-stm32.9-2020-q2-update.win32_2.0.0.202105311346/tools/bin/../lib/gcc/arm-none-eabi/9.3.1/../../../../arm-none-eabi/lib/thumb/v7e-m+fp/hard\libc_nano.a(lib_a-exit.o)
 .data          0x0000000000000000        0x0 c:/st/stm32cubeide_1.7.0/stm32cubeide/plugins/com.st.stm32cube.ide.mcu.externaltools.gnu-tools-for-stm32.9-2020-q2-update.win32_2.0.0.202105311346/tools/bin/../lib/gcc/arm-none-eabi/9.3.1/../../../../arm-none-eabi/lib/thumb/v7e-m+fp/hard\libc_nano.a(lib_a-exit.o)
 .bss           0x0000000000000000        0x0 c:/st/stm32cubeide_1.7.0/stm32cubeide/plugins/com.st.stm32cube.ide.mcu.externaltools.gnu-tools-for-stm32.9-2020-q2-update.win32_2.0.0.202105311346/tools/bin/../lib/gcc/arm-none-eabi/9.3.1/../../../../arm-none-eabi/lib/thumb/v7e-m+fp/hard\libc_nano.a(lib_a-exit.o)
 .text.exit     0x0000000000000000       0x28 c:/st/stm32cubeide_1.7.0/stm32cubeide/plugins/com.st.stm32cube.ide.mcu.externaltools.gnu-tools-for-stm32.9-2020-q2-update.win32_2.0.0.202105311346/tools/bin/../lib/gcc/arm-none-eabi/9.3.1/../../../../arm-none-eabi/lib/thumb/v7e-m+fp/hard\libc_nano.a(lib_a-exit.o)
 .debug_frame   0x0000000000000000       0x28 c:/st/stm32cubeide_1.7.0/stm32cubeide/plugins/com.st.stm32cube.ide.mcu.externaltools.gnu-tools-for-stm32.9-2020-q2-update.win32_2.0.0.202105311346/tools/bin/../lib/gcc/arm-none-eabi/9.3.1/../../../../arm-none-eabi/lib/thumb/v7e-m+fp/hard\libc_nano.a(lib_a-exit.o)
 .ARM.attributes
                0x0000000000000000       0x34 c:/st/stm32cubeide_1.7.0/stm32cubeide/plugins/com.st.stm32cube.ide.mcu.externaltools.gnu-tools-for-stm32.9-2020-q2-update.win32_2.0.0.202105311346/tools/bin/../lib/gcc/arm-none-eabi/9.3.1/../../../../arm-none-eabi/lib/thumb/v7e-m+fp/hard\libc_nano.a(lib_a-exit.o)
 .text          0x0000000000000000        0x0 c:/st/stm32cubeide_1.7.0/stm32cubeide/plugins/com.st.stm32cube.ide.mcu.externaltools.gnu-tools-for-stm32.9-2020-q2-update.win32_2.0.0.202105311346/tools/bin/../lib/gcc/arm-none-eabi/9.3.1/../../../../arm-none-eabi/lib/thumb/v7e-m+fp/hard\libc_nano.a(lib_a-impure.o)
 .data          0x0000000000000000        0x0 c:/st/stm32cubeide_1.7.0/stm32cubeide/plugins/com.st.stm32cube.ide.mcu.externaltools.gnu-tools-for-stm32.9-2020-q2-update.win32_2.0.0.202105311346/tools/bin/../lib/gcc/arm-none-eabi/9.3.1/../../../../arm-none-eabi/lib/thumb/v7e-m+fp/hard\libc_nano.a(lib_a-impure.o)
 .bss           0x0000000000000000        0x0 c:/st/stm32cubeide_1.7.0/stm32cubeide/plugins/com.st.stm32cube.ide.mcu.externaltools.gnu-tools-for-stm32.9-2020-q2-update.win32_2.0.0.202105311346/tools/bin/../lib/gcc/arm-none-eabi/9.3.1/../../../../arm-none-eabi/lib/thumb/v7e-m+fp/hard\libc_nano.a(lib_a-impure.o)
 .data._impure_ptr
                0x0000000000000000        0x4 c:/st/stm32cubeide_1.7.0/stm32cubeide/plugins/com.st.stm32cube.ide.mcu.externaltools.gnu-tools-for-stm32.9-2020-q2-update.win32_2.0.0.202105311346/tools/bin/../lib/gcc/arm-none-eabi/9.3.1/../../../../arm-none-eabi/lib/thumb/v7e-m+fp/hard\libc_nano.a(lib_a-impure.o)
 .data.impure_data
                0x0000000000000000       0x60 c:/st/stm32cubeide_1.7.0/stm32cubeide/plugins/com.st.stm32cube.ide.mcu.externaltools.gnu-tools-for-stm32.9-2020-q2-update.win32_2.0.0.202105311346/tools/bin/../lib/gcc/arm-none-eabi/9.3.1/../../../../arm-none-eabi/lib/thumb/v7e-m+fp/hard\libc_nano.a(lib_a-impure.o)
 .rodata._global_impure_ptr
                0x0000000000000000        0x4 c:/st/stm32cubeide_1.7.0/stm32cubeide/plugins/com.st.stm32cube.ide.mcu.externaltools.gnu-tools-for-stm32.9-2020-q2-update.win32_2.0.0.202105311346/tools/bin/../lib/gcc/arm-none-eabi/9.3.1/../../../../arm-none-eabi/lib/thumb/v7e-m+fp/hard\libc_nano.a(lib_a-impure.o)
 .ARM.attributes
                0x0000000000000000       0x32 c:/st/stm32cubeide_1.7.0/stm32cubeide/plugins/com.st.stm32cube.ide.mcu.externaltools.gnu-tools-for-stm32.9-2020-q2-update.win32_2.0.0.202105311346/tools/bin/../lib/gcc/arm-none-eabi/9.3.1/../../../../arm-none-eabi/lib/thumb/v7e-m+fp/hard\libc_nano.a(lib_a-impure.o)
 .text          0x0000000000000000        0x0 c:/st/stm32cubeide_1.7.0/stm32cubeide/plugins/com.st.stm32cube.ide.mcu.externaltools.gnu-tools-for-stm32.9-2020-q2-update.win32_2.0.0.202105311346/tools/bin/../lib/gcc/arm-none-eabi/9.3.1/../../../../arm-none-eabi/lib/thumb/v7e-m+fp/hard\libc_nano.a(lib_a-init.o)
 .data          0x0000000000000000        0x0 c:/st/stm32cubeide_1.7.0/stm32cubeide/plugins/com.st.stm32cube.ide.mcu.externaltools.gnu-tools-for-stm32.9-2020-q2-update.win32_2.0.0.202105311346/tools/bin/../lib/gcc/arm-none-eabi/9.3.1/../../../../arm-none-eabi/lib/thumb/v7e-m+fp/hard\libc_nano.a(lib_a-init.o)
 .bss           0x0000000000000000        0x0 c:/st/stm32cubeide_1.7.0/stm32cubeide/plugins/com.st.stm32cube.ide.mcu.externaltools.gnu-tools-for-stm32.9-2020-q2-update.win32_2.0.0.202105311346/tools/bin/../lib/gcc/arm-none-eabi/9.3.1/../../../../arm-none-eabi/lib/thumb/v7e-m+fp/hard\libc_nano.a(lib_a-init.o)
 .text          0x0000000000000000        0x0 c:/st/stm32cubeide_1.7.0/stm32cubeide/plugins/com.st.stm32cube.ide.mcu.externaltools.gnu-tools-for-stm32.9-2020-q2-update.win32_2.0.0.202105311346/tools/bin/../lib/gcc/arm-none-eabi/9.3.1/../../../../arm-none-eabi/lib/thumb/v7e-m+fp/hard\libc_nano.a(lib_a-memset.o)
 .data          0x0000000000000000        0x0 c:/st/stm32cubeide_1.7.0/stm32cubeide/plugins/com.st.stm32cube.ide.mcu.externaltools.gnu-tools-for-stm32.9-2020-q2-update.win32_2.0.0.202105311346/tools/bin/../lib/gcc/arm-none-eabi/9.3.1/../../../../arm-none-eabi/lib/thumb/v7e-m+fp/hard\libc_nano.a(lib_a-memset.o)
 .bss           0x0000000000000000        0x0 c:/st/stm32cubeide_1.7.0/stm32cubeide/plugins/com.st.stm32cube.ide.mcu.externaltools.gnu-tools-for-stm32.9-2020-q2-update.win32_2.0.0.202105311346/tools/bin/../lib/gcc/arm-none-eabi/9.3.1/../../../../arm-none-eabi/lib/thumb/v7e-m+fp/hard\libc_nano.a(lib_a-memset.o)
 .text.memset   0x0000000000000000       0x10 c:/st/stm32cubeide_1.7.0/stm32cubeide/plugins/com.st.stm32cube.ide.mcu.externaltools.gnu-tools-for-stm32.9-2020-q2-update.win32_2.0.0.202105311346/tools/bin/../lib/gcc/arm-none-eabi/9.3.1/../../../../arm-none-eabi/lib/thumb/v7e-m+fp/hard\libc_nano.a(lib_a-memset.o)
 .debug_frame   0x0000000000000000       0x20 c:/st/stm32cubeide_1.7.0/stm32cubeide/plugins/com.st.stm32cube.ide.mcu.externaltools.gnu-tools-for-stm32.9-2020-q2-update.win32_2.0.0.202105311346/tools/bin/../lib/gcc/arm-none-eabi/9.3.1/../../../../arm-none-eabi/lib/thumb/v7e-m+fp/hard\libc_nano.a(lib_a-memset.o)
 .ARM.attributes
                0x0000000000000000       0x34 c:/st/stm32cubeide_1.7.0/stm32cubeide/plugins/com.st.stm32cube.ide.mcu.externaltools.gnu-tools-for-stm32.9-2020-q2-update.win32_2.0.0.202105311346/tools/bin/../lib/gcc/arm-none-eabi/9.3.1/../../../../arm-none-eabi/lib/thumb/v7e-m+fp/hard\libc_nano.a(lib_a-memset.o)
 .text          0x0000000000000000        0x0 c:/st/stm32cubeide_1.7.0/stm32cubeide/plugins/com.st.stm32cube.ide.mcu.externaltools.gnu-tools-for-stm32.9-2020-q2-update.win32_2.0.0.202105311346/tools/bin/../lib/gcc/arm-none-eabi/9.3.1/../../../../arm-none-eabi/lib/thumb/v7e-m+fp/hard\libnosys.a(_exit.o)
 .data          0x0000000000000000        0x0 c:/st/stm32cubeide_1.7.0/stm32cubeide/plugins/com.st.stm32cube.ide.mcu.externaltools.gnu-tools-for-stm32.9-2020-q2-update.win32_2.0.0.202105311346/tools/bin/../lib/gcc/arm-none-eabi/9.3.1/../../../../arm-none-eabi/lib/thumb/v7e-m+fp/hard\libnosys.a(_exit.o)
 .bss           0x0000000000000000        0x0 c:/st/stm32cubeide_1.7.0/stm32cubeide/plugins/com.st.stm32cube.ide.mcu.externaltools.gnu-tools-for-stm32.9-2020-q2-update.win32_2.0.0.202105311346/tools/bin/../lib/gcc/arm-none-eabi/9.3.1/../../../../arm-none-eabi/lib/thumb/v7e-m+fp/hard\libnosys.a(_exit.o)
 .text._exit    0x0000000000000000        0x2 c:/st/stm32cubeide_1.7.0/stm32cubeide/plugins/com.st.stm32cube.ide.mcu.externaltools.gnu-tools-for-stm32.9-2020-q2-update.win32_2.0.0.202105311346/tools/bin/../lib/gcc/arm-none-eabi/9.3.1/../../../../arm-none-eabi/lib/thumb/v7e-m+fp/hard\libnosys.a(_exit.o)
 .debug_frame   0x0000000000000000       0x20 c:/st/stm32cubeide_1.7.0/stm32cubeide/plugins/com.st.stm32cube.ide.mcu.externaltools.gnu-tools-for-stm32.9-2020-q2-update.win32_2.0.0.202105311346/tools/bin/../lib/gcc/arm-none-eabi/9.3.1/../../../../arm-none-eabi/lib/thumb/v7e-m+fp/hard\libnosys.a(_exit.o)
 .ARM.attributes
                0x0000000000000000       0x34 c:/st/stm32cubeide_1.7.0/stm32cubeide/plugins/com.st.stm32cube.ide.mcu.externaltools.gnu-tools-for-stm32.9-2020-q2-update.win32_2.0.0.202105311346/tools/bin/../lib/gcc/arm-none-eabi/9.3.1/../../../../arm-none-eabi/lib/thumb/v7e-m+fp/hard\libnosys.a(_exit.o)
 .text          0x0000000000000000        0x0 c:/st/stm32cubeide_1.7.0/stm32cubeide/plugins/com.st.stm32cube.ide.mcu.externaltools.gnu-tools-for-stm32.9-2020-q2-update.win32_2.0.0.202105311346/tools/bin/../lib/gcc/arm-none-eabi/9.3.1/thumb/v7e-m+fp/hard/crtend.o
 .data          0x0000000000000000        0x0 c:/st/stm32cubeide_1.7.0/stm32cubeide/plugins/com.st.stm32cube.ide.mcu.externaltools.gnu-tools-for-stm32.9-2020-q2-update.win32_2.0.0.202105311346/tools/bin/../lib/gcc/arm-none-eabi/9.3.1/thumb/v7e-m+fp/hard/crtend.o
 .bss           0x0000000000000000        0x0 c:/st/stm32cubeide_1.7.0/stm32cubeide/plugins/com.st.stm32cube.ide.mcu.externaltools.gnu-tools-for-stm32.9-2020-q2-update.win32_2.0.0.202105311346/tools/bin/../lib/gcc/arm-none-eabi/9.3.1/thumb/v7e-m+fp/hard/crtend.o
 .eh_frame      0x0000000000000000        0x4 c:/st/stm32cubeide_1.7.0/stm32cubeide/plugins/com.st.stm32cube.ide.mcu.externaltools.gnu-tools-for-stm32.9-2020-q2-update.win32_2.0.0.202105311346/tools/bin/../lib/gcc/arm-none-eabi/9.3.1/thumb/v7e-m+fp/hard/crtend.o
 .ARM.attributes
                0x0000000000000000       0x32 c:/st/stm32cubeide_1.7.0/stm32cubeide/plugins/com.st.stm32cube.ide.mcu.externaltools.gnu-tools-for-stm32.9-2020-q2-update.win32_2.0.0.202105311346/tools/bin/../lib/gcc/arm-none-eabi/9.3.1/thumb/v7e-m+fp/hard/crtend.o
 .text          0x0000000000000000        0x0 c:/st/stm32cubeide_1.7.0/stm32cubeide/plugins/com.st.stm32cube.ide.mcu.externaltools.gnu-tools-for-stm32.9-2020-q2-update.win32_2.0.0.202105311346/tools/bin/../lib/gcc/arm-none-eabi/9.3.1/thumb/v7e-m+fp/hard/crtn.o
 .data          0x0000000000000000        0x0 c:/st/stm32cubeide_1.7.0/stm32cubeide/plugins/com.st.stm32cube.ide.mcu.externaltools.gnu-tools-for-stm32.9-2020-q2-update.win32_2.0.0.202105311346/tools/bin/../lib/gcc/arm-none-eabi/9.3.1/thumb/v7e-m+fp/hard/crtn.o
 .bss           0x0000000000000000        0x0 c:/st/stm32cubeide_1.7.0/stm32cubeide/plugins/com.st.stm32cube.ide.mcu.externaltools.gnu-tools-for-stm32.9-2020-q2-update.win32_2.0.0.202105311346/tools/bin/../lib/gcc/arm-none-eabi/9.3.1/thumb/v7e-m+fp/hard/crtn.o

Memory Configuration

Name             Origin             Length             Attributes
RAM              0x0000000020000000 0x0000000000010000 xrw
FLASH            0x0000000008000000 0x0000000000040000 xr
*default*        0x0000000000000000 0xffffffffffffffff

Linker script and memory map

LOAD c:/st/stm32cubeide_1.7.0/stm32cubeide/plugins/com.st.stm32cube.ide.mcu.externaltools.gnu-tools-for-stm32.9-2020-q2-update.win32_2.0.0.202105311346/tools/bin/../lib/gcc/arm-none-eabi/9.3.1/thumb/v7e-m+fp/hard/crti.o
LOAD c:/st/stm32cubeide_1.7.0/stm32cubeide/plugins/com.st.stm32cube.ide.mcu.externaltools.gnu-tools-for-stm32.9-2020-q2-update.win32_2.0.0.202105311346/tools/bin/../lib/gcc/arm-none-eabi/9.3.1/thumb/v7e-m+fp/hard/crtbegin.o
LOAD c:/st/stm32cubeide_1.7.0/stm32cubeide/plugins/com.st.stm32cube.ide.mcu.externaltools.gnu-tools-for-stm32.9-2020-q2-update.win32_2.0.0.202105311346/tools/bin/../lib/gcc/arm-none-eabi/9.3.1/../../../../arm-none-eabi/lib/thumb/v7e-m+fp/hard/crt0.o
LOAD ./Core/Src/GPIO.o
LOAD ./Core/Src/I2C.o
LOAD ./Core/Src/PWM.o
LOAD ./Core/Src/SPI.o
LOAD ./Core/Src/USART.o
LOAD ./Core/Src/Util.o
LOAD ./Core/Src/main.o
LOAD ./Core/Src/system_stm32f4xx.o
LOAD ./Core/Startup/startup_stm32f401ccux.o
LOAD ./test/test.o
START GROUP
LOAD c:/st/stm32cubeide_1.7.0/stm32cubeide/plugins/com.st.stm32cube.ide.mcu.externaltools.gnu-tools-for-stm32.9-2020-q2-update.win32_2.0.0.202105311346/tools/bin/../lib/gcc/arm-none-eabi/9.3.1/../../../../arm-none-eabi/lib/thumb/v7e-m+fp/hard\libc_nano.a
LOAD c:/st/stm32cubeide_1.7.0/stm32cubeide/plugins/com.st.stm32cube.ide.mcu.externaltools.gnu-tools-for-stm32.9-2020-q2-update.win32_2.0.0.202105311346/tools/bin/../lib/gcc/arm-none-eabi/9.3.1/../../../../arm-none-eabi/lib/thumb/v7e-m+fp/hard\libm.a
END GROUP
START GROUP
LOAD c:/st/stm32cubeide_1.7.0/stm32cubeide/plugins/com.st.stm32cube.ide.mcu.externaltools.gnu-tools-for-stm32.9-2020-q2-update.win32_2.0.0.202105311346/tools/bin/../lib/gcc/arm-none-eabi/9.3.1/thumb/v7e-m+fp/hard\libgcc.a
LOAD c:/st/stm32cubeide_1.7.0/stm32cubeide/plugins/com.st.stm32cube.ide.mcu.externaltools.gnu-tools-for-stm32.9-2020-q2-update.win32_2.0.0.202105311346/tools/bin/../lib/gcc/arm-none-eabi/9.3.1/../../../../arm-none-eabi/lib/thumb/v7e-m+fp/hard\libc_nano.a
END GROUP
START GROUP
LOAD c:/st/stm32cubeide_1.7.0/stm32cubeide/plugins/com.st.stm32cube.ide.mcu.externaltools.gnu-tools-for-stm32.9-2020-q2-update.win32_2.0.0.202105311346/tools/bin/../lib/gcc/arm-none-eabi/9.3.1/thumb/v7e-m+fp/hard\libgcc.a
LOAD c:/st/stm32cubeide_1.7.0/stm32cubeide/plugins/com.st.stm32cube.ide.mcu.externaltools.gnu-tools-for-stm32.9-2020-q2-update.win32_2.0.0.202105311346/tools/bin/../lib/gcc/arm-none-eabi/9.3.1/../../../../arm-none-eabi/lib/thumb/v7e-m+fp/hard\libc_nano.a
LOAD c:/st/stm32cubeide_1.7.0/stm32cubeide/plugins/com.st.stm32cube.ide.mcu.externaltools.gnu-tools-for-stm32.9-2020-q2-update.win32_2.0.0.202105311346/tools/bin/../lib/gcc/arm-none-eabi/9.3.1/../../../../arm-none-eabi/lib/thumb/v7e-m+fp/hard\libnosys.a
END GROUP
START GROUP
LOAD c:/st/stm32cubeide_1.7.0/stm32cubeide/plugins/com.st.stm32cube.ide.mcu.externaltools.gnu-tools-for-stm32.9-2020-q2-update.win32_2.0.0.202105311346/tools/bin/../lib/gcc/arm-none-eabi/9.3.1/thumb/v7e-m+fp/hard\libgcc.a
LOAD c:/st/stm32cubeide_1.7.0/stm32cubeide/plugins/com.st.stm32cube.ide.mcu.externaltools.gnu-tools-for-stm32.9-2020-q2-update.win32_2.0.0.202105311346/tools/bin/../lib/gcc/arm-none-eabi/9.3.1/../../../../arm-none-eabi/lib/thumb/v7e-m+fp/hard\libc_nano.a
LOAD c:/st/stm32cubeide_1.7.0/stm32cubeide/plugins/com.st.stm32cube.ide.mcu.externaltools.gnu-tools-for-stm32.9-2020-q2-update.win32_2.0.0.202105311346/tools/bin/../lib/gcc/arm-none-eabi/9.3.1/../../../../arm-none-eabi/lib/thumb/v7e-m+fp/hard\libnosys.a
END GROUP
LOAD c:/st/stm32cubeide_1.7.0/stm32cubeide/plugins/com.st.stm32cube.ide.mcu.externaltools.gnu-tools-for-stm32.9-2020-q2-update.win32_2.0.0.202105311346/tools/bin/../lib/gcc/arm-none-eabi/9.3.1/thumb/v7e-m+fp/hard/crtend.o
LOAD c:/st/stm32cubeide_1.7.0/stm32cubeide/plugins/com.st.stm32cube.ide.mcu.externaltools.gnu-tools-for-stm32.9-2020-q2-update.win32_2.0.0.202105311346/tools/bin/../lib/gcc/arm-none-eabi/9.3.1/thumb/v7e-m+fp/hard/crtn.o
                0x0000000020010000                _estack = (ORIGIN (RAM) + LENGTH (RAM))
                0x0000000000000200                _Min_Heap_Size = 0x200
                0x0000000000000400                _Min_Stack_Size = 0x400

.isr_vector     0x0000000008000000      0x194
                0x0000000008000000                . = ALIGN (0x4)
 *(.isr_vector)
 .isr_vector    0x0000000008000000      0x194 ./Core/Startup/startup_stm32f401ccux.o
                0x0000000008000000                g_pfnVectors
                0x0000000008000194                . = ALIGN (0x4)

.text           0x0000000008000194      0x4c4
                0x0000000008000194                . = ALIGN (0x4)
 *(.text)
 .text          0x0000000008000194       0x40 c:/st/stm32cubeide_1.7.0/stm32cubeide/plugins/com.st.stm32cube.ide.mcu.externaltools.gnu-tools-for-stm32.9-2020-q2-update.win32_2.0.0.202105311346/tools/bin/../lib/gcc/arm-none-eabi/9.3.1/thumb/v7e-m+fp/hard/crtbegin.o
 *(.text*)
 .text.GPIO_EnableClock
                0x00000000080001d4       0x40 ./Core/Src/GPIO.o
                0x00000000080001d4                GPIO_EnableClock
 .text.GPIO_Init
                0x0000000008000214      0x168 ./Core/Src/GPIO.o
                0x0000000008000214                GPIO_Init
 .text.PWM_INIT
                0x000000000800037c      0x18c ./Core/Src/PWM.o
                0x000000000800037c                PWM_INIT
 .text.PWM_START_TIMER
                0x0000000008000508       0x20 ./Core/Src/PWM.o
                0x0000000008000508                PWM_START_TIMER
 .text.main     0x0000000008000528       0x58 ./Core/Src/main.o
                0x0000000008000528                main
 .text.SystemInit
                0x0000000008000580       0x24 ./Core/Src/system_stm32f4xx.o
                0x0000000008000580                SystemInit
 .text.Reset_Handler
                0x00000000080005a4       0x50 ./Core/Startup/startup_stm32f401ccux.o
                0x00000000080005a4                Reset_Handler
 .text.Default_Handler
                0x00000000080005f4        0x2 ./Core/Startup/startup_stm32f401ccux.o
                0x00000000080005f4                RTC_Alarm_IRQHandler
                0x00000000080005f4                EXTI2_IRQHandler
                0x00000000080005f4                DebugMon_Handler
                0x00000000080005f4                SPI4_IRQHandler
                0x00000000080005f4                TIM1_CC_IRQHandler
                0x00000000080005f4                DMA2_Stream5_IRQHandler
                0x00000000080005f4                HardFault_Handler
                0x00000000080005f4                DMA1_Stream5_IRQHandler
                0x00000000080005f4                SysTick_Handler
                0x00000000080005f4                PVD_IRQHandler
                0x00000000080005f4                SDIO_IRQHandler
                0x00000000080005f4                TAMP_STAMP_IRQHandler
                0x00000000080005f4                PendSV_Handler
                0x00000000080005f4                NMI_Handler
                0x00000000080005f4                EXTI3_IRQHandler
                0x00000000080005f4                TIM1_UP_TIM10_IRQHandler
                0x00000000080005f4                I2C3_ER_IRQHandler
                0x00000000080005f4                EXTI0_IRQHandler
                0x00000000080005f4                I2C2_EV_IRQHandler
                0x00000000080005f4                DMA1_Stream2_IRQHandler
                0x00000000080005f4                FPU_IRQHandler
                0x00000000080005f4                UsageFault_Handler
                0x00000000080005f4                DMA2_Stream2_IRQHandler
                0x00000000080005f4                SPI1_IRQHandler
                0x00000000080005f4                TIM1_BRK_TIM9_IRQHandler
                0x00000000080005f4                DMA2_Stream3_IRQHandler
                0x00000000080005f4                USART6_IRQHandler
                0x00000000080005f4                DMA2_Stream0_IRQHandler
                0x00000000080005f4                TIM4_IRQHandler
                0x00000000080005f4                I2C1_EV_IRQHandler
                0x00000000080005f4                DMA1_Stream6_IRQHandler
                0x00000000080005f4                DMA1_Stream1_IRQHandler
                0x00000000080005f4                TIM3_IRQHandler
                0x00000000080005f4                RCC_IRQHandler
                0x00000000080005f4                Default_Handler
                0x00000000080005f4                EXTI15_10_IRQHandler
                0x00000000080005f4                ADC_IRQHandler
                0x00000000080005f4                DMA1_Stream7_IRQHandler
                0x00000000080005f4                TIM5_IRQHandler
                0x00000000080005f4                DMA2_Stream7_IRQHandler
                0x00000000080005f4                I2C3_EV_IRQHandler
                0x00000000080005f4                EXTI9_5_IRQHandler
                0x00000000080005f4                RTC_WKUP_IRQHandler
                0x00000000080005f4                SPI2_IRQHandler
                0x00000000080005f4                MemManage_Handler
                0x00000000080005f4                DMA1_Stream0_IRQHandler
                0x00000000080005f4                SVC_Handler
                0x00000000080005f4                EXTI4_IRQHandler
                0x00000000080005f4                WWDG_IRQHandler
                0x00000000080005f4                TIM2_IRQHandler
                0x00000000080005f4                OTG_FS_WKUP_IRQHandler
                0x00000000080005f4                TIM1_TRG_COM_TIM11_IRQHandler
                0x00000000080005f4                EXTI1_IRQHandler
                0x00000000080005f4                USART2_IRQHandler
                0x00000000080005f4                I2C2_ER_IRQHandler
                0x00000000080005f4                DMA2_Stream1_IRQHandler
                0x00000000080005f4                FLASH_IRQHandler
                0x00000000080005f4                DMA2_Stream4_IRQHandler
                0x00000000080005f4                BusFault_Handler
                0x00000000080005f4                USART1_IRQHandler
                0x00000000080005f4                OTG_FS_IRQHandler
                0x00000000080005f4                SPI3_IRQHandler
                0x00000000080005f4                DMA1_Stream4_IRQHandler
                0x00000000080005f4                I2C1_ER_IRQHandler
                0x00000000080005f4                DMA2_Stream6_IRQHandler
                0x00000000080005f4                DMA1_Stream3_IRQHandler
 *fill*         0x00000000080005f6        0x2 
 .text.__libc_init_array
                0x00000000080005f8       0x48 c:/st/stm32cubeide_1.7.0/stm32cubeide/plugins/com.st.stm32cube.ide.mcu.externaltools.gnu-tools-for-stm32.9-2020-q2-update.win32_2.0.0.202105311346/tools/bin/../lib/gcc/arm-none-eabi/9.3.1/../../../../arm-none-eabi/lib/thumb/v7e-m+fp/hard\libc_nano.a(lib_a-init.o)
                0x00000000080005f8                __libc_init_array
 *(.glue_7)
 .glue_7        0x0000000008000640        0x0 linker stubs
 *(.glue_7t)
 .glue_7t       0x0000000008000640        0x0 linker stubs
 *(.eh_frame)
 .eh_frame      0x0000000008000640        0x0 c:/st/stm32cubeide_1.7.0/stm32cubeide/plugins/com.st.stm32cube.ide.mcu.externaltools.gnu-tools-for-stm32.9-2020-q2-update.win32_2.0.0.202105311346/tools/bin/../lib/gcc/arm-none-eabi/9.3.1/thumb/v7e-m+fp/hard/crtbegin.o
 *(.init)
 .init          0x0000000008000640        0x4 c:/st/stm32cubeide_1.7.0/stm32cubeide/plugins/com.st.stm32cube.ide.mcu.externaltools.gnu-tools-for-stm32.9-2020-q2-update.win32_2.0.0.202105311346/tools/bin/../lib/gcc/arm-none-eabi/9.3.1/thumb/v7e-m+fp/hard/crti.o
                0x0000000008000640                _init
 .init          0x0000000008000644        0x8 c:/st/stm32cubeide_1.7.0/stm32cubeide/plugins/com.st.stm32cube.ide.mcu.externaltools.gnu-tools-for-stm32.9-2020-q2-update.win32_2.0.0.202105311346/tools/bin/../lib/gcc/arm-none-eabi/9.3.1/thumb/v7e-m+fp/hard/crtn.o
 *(.fini)
 .fini          0x000000000800064c        0x4 c:/st/stm32cubeide_1.7.0/stm32cubeide/plugins/com.st.stm32cube.ide.mcu.externaltools.gnu-tools-for-stm32.9-2020-q2-update.win32_2.0.0.202105311346/tools/bin/../lib/gcc/arm-none-eabi/9.3.1/thumb/v7e-m+fp/hard/crti.o
                0x000000000800064c                _fini
 .fini          0x0000000008000650        0x8 c:/st/stm32cubeide_1.7.0/stm32cubeide/plugins/com.st.stm32cube.ide.mcu.externaltools.gnu-tools-for-stm32.9-2020-q2-update.win32_2.0.0.202105311346/tools/bin/../lib/gcc/arm-none-eabi/9.3.1/thumb/v7e-m+fp/hard/crtn.o
                0x0000000008000658                . = ALIGN (0x4)
                0x0000000008000658                _etext = .

.vfp11_veneer   0x0000000008000658        0x0
 .vfp11_veneer  0x0000000008000658        0x0 linker stubs

.v4_bx          0x0000000008000658        0x0
 .v4_bx         0x0000000008000658        0x0 linker stubs

.iplt           0x0000000008000658        0x0
 .iplt          0x0000000008000658        0x0 c:/st/stm32cubeide_1.7.0/stm32cubeide/plugins/com.st.stm32cube.ide.mcu.externaltools.gnu-tools-for-stm32.9-2020-q2-update.win32_2.0.0.202105311346/tools/bin/../lib/gcc/arm-none-eabi/9.3.1/thumb/v7e-m+fp/hard/crtbegin.o

.rel.dyn        0x0000000008000658        0x0
 .rel.iplt      0x0000000008000658        0x0 c:/st/stm32cubeide_1.7.0/stm32cubeide/plugins/com.st.stm32cube.ide.mcu.externaltools.gnu-tools-for-stm32.9-2020-q2-update.win32_2.0.0.202105311346/tools/bin/../lib/gcc/arm-none-eabi/9.3.1/thumb/v7e-m+fp/hard/crtbegin.o

.rodata         0x0000000008000658        0x0
                0x0000000008000658                . = ALIGN (0x4)
 *(.rodata)
 *(.rodata*)
                0x0000000008000658                . = ALIGN (0x4)

.ARM.extab      0x0000000008000658        0x0
                0x0000000008000658                . = ALIGN (0x4)
 *(.ARM.extab* .gnu.linkonce.armextab.*)
                0x0000000008000658                . = ALIGN (0x4)

.ARM            0x0000000008000658        0x0
                0x0000000008000658                . = ALIGN (0x4)
                0x0000000008000658                __exidx_start = .
 *(.ARM.exidx*)
                0x0000000008000658                __exidx_end = .
                0x0000000008000658                . = ALIGN (0x4)

.preinit_array  0x0000000008000658        0x0
                0x0000000008000658                . = ALIGN (0x4)
                0x0000000008000658                PROVIDE (__preinit_array_start = .)
 *(.preinit_array*)
                0x0000000008000658                PROVIDE (__preinit_array_end = .)
                0x0000000008000658                . = ALIGN (0x4)

.init_array     0x0000000008000658        0x4
                0x0000000008000658                . = ALIGN (0x4)
                0x0000000008000658                PROVIDE (__init_array_start = .)
 *(SORT_BY_NAME(.init_array.*))
 *(.init_array*)
 .init_array    0x0000000008000658        0x4 c:/st/stm32cubeide_1.7.0/stm32cubeide/plugins/com.st.stm32cube.ide.mcu.externaltools.gnu-tools-for-stm32.9-2020-q2-update.win32_2.0.0.202105311346/tools/bin/../lib/gcc/arm-none-eabi/9.3.1/thumb/v7e-m+fp/hard/crtbegin.o
                0x000000000800065c                PROVIDE (__init_array_end = .)
                0x000000000800065c                . = ALIGN (0x4)

.fini_array     0x000000000800065c        0x4
                0x000000000800065c                . = ALIGN (0x4)
                [!provide]                        PROVIDE (__fini_array_start = .)
 *(SORT_BY_NAME(.fini_array.*))
 *(.fini_array*)
 .fini_array    0x000000000800065c        0x4 c:/st/stm32cubeide_1.7.0/stm32cubeide/plugins/com.st.stm32cube.ide.mcu.externaltools.gnu-tools-for-stm32.9-2020-q2-update.win32_2.0.0.202105311346/tools/bin/../lib/gcc/arm-none-eabi/9.3.1/thumb/v7e-m+fp/hard/crtbegin.o
                [!provide]                        PROVIDE (__fini_array_end = .)
                0x0000000008000660                . = ALIGN (0x4)
                0x0000000008000660                _sidata = LOADADDR (.data)

.data           0x0000000020000000        0x8 load address 0x0000000008000660
                0x0000000020000000                . = ALIGN (0x4)
                0x0000000020000000                _sdata = .
 *(.data)
 *(.data*)
 .data.PortAddresses
                0x0000000020000000        0x8 ./Core/Src/GPIO.o
                0x0000000020000000                PortAddresses
 *(.RamFunc)
 *(.RamFunc*)
                0x0000000020000008                . = ALIGN (0x4)
                0x0000000020000008                _edata = .

.igot.plt       0x0000000020000008        0x0 load address 0x0000000008000668
 .igot.plt      0x0000000020000008        0x0 c:/st/stm32cubeide_1.7.0/stm32cubeide/plugins/com.st.stm32cube.ide.mcu.externaltools.gnu-tools-for-stm32.9-2020-q2-update.win32_2.0.0.202105311346/tools/bin/../lib/gcc/arm-none-eabi/9.3.1/thumb/v7e-m+fp/hard/crtbegin.o
                0x0000000020000008                . = ALIGN (0x4)

.bss            0x0000000020000008       0x1c load address 0x0000000008000668
                0x0000000020000008                _sbss = .
                0x0000000020000008                __bss_start__ = _sbss
 *(.bss)
 .bss           0x0000000020000008       0x1c c:/st/stm32cubeide_1.7.0/stm32cubeide/plugins/com.st.stm32cube.ide.mcu.externaltools.gnu-tools-for-stm32.9-2020-q2-update.win32_2.0.0.202105311346/tools/bin/../lib/gcc/arm-none-eabi/9.3.1/thumb/v7e-m+fp/hard/crtbegin.o
 *(.bss*)
 *(COMMON)
                0x0000000020000024                . = ALIGN (0x4)
                0x0000000020000024                _ebss = .
                0x0000000020000024                __bss_end__ = _ebss

._user_heap_stack
                0x0000000020000024      0x604 load address 0x0000000008000668
                0x0000000020000028                . = ALIGN (0x8)
 *fill*         0x0000000020000024        0x4 
                [!provide]                        PROVIDE (end = .)
                [!provide]                        PROVIDE (_end = .)
                0x0000000020000228                . = (. + _Min_Heap_Size)
 *fill*         0x0000000020000028      0x200 
                0x0000000020000628                . = (. + _Min_Stack_Size)
 *fill*         0x0000000020000228      0x400 
                0x0000000020000628                . = ALIGN (0x8)

/DISCARD/
 libc.a(*)
 libm.a(*)
 libgcc.a(*)

.ARM.attributes
                0x0000000000000000       0x30
 *(.ARM.attributes)
 .ARM.attributes
                0x0000000000000000       0x1e c:/st/stm32cubeide_1.7.0/stm32cubeide/plugins/com.st.stm32cube.ide.mcu.externaltools.gnu-tools-for-stm32.9-2020-q2-update.win32_2.0.0.202105311346/tools/bin/../lib/gcc/arm-none-eabi/9.3.1/thumb/v7e-m+fp/hard/crti.o
 .ARM.attributes
                0x000000000000001e       0x34 c:/st/stm32cubeide_1.7.0/stm32cubeide/plugins/com.st.stm32cube.ide.mcu.externaltools.gnu-tools-for-stm32.9-2020-q2-update.win32_2.0.0.202105311346/tools/bin/../lib/gcc/arm-none-eabi/9.3.1/thumb/v7e-m+fp/hard/crtbegin.o
 .ARM.attributes
                0x0000000000000052       0x34 ./Core/Src/GPIO.o
 .ARM.attributes
                0x0000000000000086       0x34 ./Core/Src/PWM.o
 .ARM.attributes
                0x00000000000000ba       0x34 ./Core/Src/main.o
 .ARM.attributes
                0x00000000000000ee       0x34 ./Core/Src/system_stm32f4xx.o
 .ARM.attributes
                0x0000000000000122       0x21 ./Core/Startup/startup_stm32f401ccux.o
 .ARM.attributes
                0x0000000000000143       0x34 c:/st/stm32cubeide_1.7.0/stm32cubeide/plugins/com.st.stm32cube.ide.mcu.externaltools.gnu-tools-for-stm32.9-2020-q2-update.win32_2.0.0.202105311346/tools/bin/../lib/gcc/arm-none-eabi/9.3.1/../../../../arm-none-eabi/lib/thumb/v7e-m+fp/hard\libc_nano.a(lib_a-init.o)
 .ARM.attributes
                0x0000000000000177       0x1e c:/st/stm32cubeide_1.7.0/stm32cubeide/plugins/com.st.stm32cube.ide.mcu.externaltools.gnu-tools-for-stm32.9-2020-q2-update.win32_2.0.0.202105311346/tools/bin/../lib/gcc/arm-none-eabi/9.3.1/thumb/v7e-m+fp/hard/crtn.o
OUTPUT(project_01.elf elf32-littlearm)
LOAD linker stubs
LOAD c:/st/stm32cubeide_1.7.0/stm32cubeide/plugins/com.st.stm32cube.ide.mcu.externaltools.gnu-tools-for-stm32.9-2020-q2-update.win32_2.0.0.202105311346/tools/bin/../lib/gcc/arm-none-eabi/9.3.1/../../../../arm-none-eabi/lib/thumb/v7e-m+fp/hard\libc.a
LOAD c:/st/stm32cubeide_1.7.0/stm32cubeide/plugins/com.st.stm32cube.ide.mcu.externaltools.gnu-tools-for-stm32.9-2020-q2-update.win32_2.0.0.202105311346/tools/bin/../lib/gcc/arm-none-eabi/9.3.1/../../../../arm-none-eabi/lib/thumb/v7e-m+fp/hard\libm.a
LOAD c:/st/stm32cubeide_1.7.0/stm32cubeide/plugins/com.st.stm32cube.ide.mcu.externaltools.gnu-tools-for-stm32.9-2020-q2-update.win32_2.0.0.202105311346/tools/bin/../lib/gcc/arm-none-eabi/9.3.1/thumb/v7e-m+fp/hard\libgcc.a

.debug_info     0x0000000000000000      0xc65
 .debug_info    0x0000000000000000      0x16e ./Core/Src/GPIO.o
 .debug_info    0x000000000000016e      0x337 ./Core/Src/PWM.o
 .debug_info    0x00000000000004a5      0x22c ./Core/Src/main.o
 .debug_info    0x00000000000006d1      0x572 ./Core/Src/system_stm32f4xx.o
 .debug_info    0x0000000000000c43       0x22 ./Core/Startup/startup_stm32f401ccux.o

.debug_abbrev   0x0000000000000000      0x416
 .debug_abbrev  0x0000000000000000       0xbd ./Core/Src/GPIO.o
 .debug_abbrev  0x00000000000000bd      0x109 ./Core/Src/PWM.o
 .debug_abbrev  0x00000000000001c6      0x115 ./Core/Src/main.o
 .debug_abbrev  0x00000000000002db      0x129 ./Core/Src/system_stm32f4xx.o
 .debug_abbrev  0x0000000000000404       0x12 ./Core/Startup/startup_stm32f401ccux.o

.debug_aranges  0x0000000000000000      0x100
 .debug_aranges
                0x0000000000000000       0x38 ./Core/Src/GPIO.o
 .debug_aranges
                0x0000000000000038       0x50 ./Core/Src/PWM.o
 .debug_aranges
                0x0000000000000088       0x28 ./Core/Src/main.o
 .debug_aranges
                0x00000000000000b0       0x28 ./Core/Src/system_stm32f4xx.o
 .debug_aranges
                0x00000000000000d8       0x28 ./Core/Startup/startup_stm32f401ccux.o

.debug_ranges   0x0000000000000000       0xb8
 .debug_ranges  0x0000000000000000       0x28 ./Core/Src/GPIO.o
 .debug_ranges  0x0000000000000028       0x40 ./Core/Src/PWM.o
 .debug_ranges  0x0000000000000068       0x18 ./Core/Src/main.o
 .debug_ranges  0x0000000000000080       0x18 ./Core/Src/system_stm32f4xx.o
 .debug_ranges  0x0000000000000098       0x20 ./Core/Startup/startup_stm32f401ccux.o

.debug_macro    0x0000000000000000      0xf33
 .debug_macro   0x0000000000000000       0x23 ./Core/Src/GPIO.o
 .debug_macro   0x0000000000000023      0xaa8 ./Core/Src/GPIO.o
 .debug_macro   0x0000000000000acb       0xe2 ./Core/Src/GPIO.o
 .debug_macro   0x0000000000000bad       0x1c ./Core/Src/GPIO.o
 .debug_macro   0x0000000000000bc9       0x3c ./Core/Src/PWM.o
 .debug_macro   0x0000000000000c05       0x94 ./Core/Src/PWM.o
 .debug_macro   0x0000000000000c99       0x40 ./Core/Src/PWM.o
 .debug_macro   0x0000000000000cd9       0x6a ./Core/Src/PWM.o
 .debug_macro   0x0000000000000d43       0x7b ./Core/Src/main.o
 .debug_macro   0x0000000000000dbe       0xda ./Core/Src/system_stm32f4xx.o
 .debug_macro   0x0000000000000e98       0x2e ./Core/Src/system_stm32f4xx.o
 .debug_macro   0x0000000000000ec6       0x6d ./Core/Src/system_stm32f4xx.o

.debug_line     0x0000000000000000      0xa02
 .debug_line    0x0000000000000000      0x1a9 ./Core/Src/GPIO.o
 .debug_line    0x00000000000001a9      0x193 ./Core/Src/PWM.o
 .debug_line    0x000000000000033c      0x14c ./Core/Src/main.o
 .debug_line    0x0000000000000488      0x4f2 ./Core/Src/system_stm32f4xx.o
 .debug_line    0x000000000000097a       0x88 ./Core/Startup/startup_stm32f401ccux.o

.debug_str      0x0000000000000000    0x50143
 .debug_str     0x0000000000000000     0x3360 ./Core/Src/GPIO.o
                                       0x337b (size before relaxing)
 .debug_str     0x0000000000003360      0x514 ./Core/Src/PWM.o
                                       0x3323 (size before relaxing)
 .debug_str     0x0000000000003874       0xee ./Core/Src/main.o
                                       0x38ab (size before relaxing)
 .debug_str     0x0000000000003962    0x4c7ab ./Core/Src/system_stm32f4xx.o
                                      0x4f6c3 (size before relaxing)
 .debug_str     0x000000000005010d       0x36 ./Core/Startup/startup_stm32f401ccux.o
                                         0x5b (size before relaxing)

.comment        0x0000000000000000       0x53
 .comment       0x0000000000000000       0x53 ./Core/Src/GPIO.o
                                         0x54 (size before relaxing)
 .comment       0x0000000000000053       0x54 ./Core/Src/PWM.o
 .comment       0x0000000000000053       0x54 ./Core/Src/main.o
 .comment       0x0000000000000053       0x54 ./Core/Src/system_stm32f4xx.o

.debug_frame    0x0000000000000000      0x2b4
 .debug_frame   0x0000000000000000       0xb4 ./Core/Src/GPIO.o
 .debug_frame   0x00000000000000b4      0x128 ./Core/Src/PWM.o
 .debug_frame   0x00000000000001dc       0x54 ./Core/Src/main.o
 .debug_frame   0x0000000000000230       0x58 ./Core/Src/system_stm32f4xx.o
 .debug_frame   0x0000000000000288       0x2c c:/st/stm32cubeide_1.7.0/stm32cubeide/plugins/com.st.stm32cube.ide.mcu.externaltools.gnu-tools-for-stm32.9-2020-q2-update.win32_2.0.0.202105311346/tools/bin/../lib/gcc/arm-none-eabi/9.3.1/../../../../arm-none-eabi/lib/thumb/v7e-m+fp/hard\libc_nano.a(lib_a-init.o)
