DMA.c:32:6:DMA_Init	16	static
DMA.c:39:6:DMA_Stream_Init	24	static
DMA.c:110:15:CheckStatus	24	static
DMA.c:141:6:DMA_Stream_Enable	16	static
DMA.c:168:6:DMA2_Stream0_IRQHandler	8	static
DMA.c:173:6:DMA2_Stream1_IRQHandler	8	static
DMA.c:178:6:DMA2_Stream2_IRQHandler	8	static
DMA.c:183:6:DMA2_Stream3_IRQHandler	8	static
DMA.c:188:6:DMA2_Stream4_IRQHandler	8	static
DMA.c:193:6:DMA2_Stream5_IRQHandler	8	static
DMA.c:198:6:DMA2_Stream6_IRQHandler	8	static
DMA.c:203:6:DMA2_Stream7_IRQHandler	8	static
DMA.c:209:6:DMA1_Stream0_IRQHandler	8	static
DMA.c:215:6:DMA1_Stream1_IRQHandler	8	static
DMA.c:220:6:DMA1_Stream2_IRQHandler	8	static
DMA.c:225:6:DMA1_Stream3_IRQHandler	8	static
DMA.c:230:6:DMA1_Stream4_IRQHandler	8	static
DMA.c:235:6:DMA1_Stream5_IRQHandler	8	static
DMA.c:240:6:DMA1_Stream6_IRQHandler	8	static
DMA.c:245:6:DMA1_Stream7_IRQHandler	8	static
